Component: ARM Compiler 6.16 Tool: armlink [5dfeaa00]

==============================================================================

Section Cross References

    startup_stm32l431xx.o(STACK) refers (Special) to heapauxi.o(.text) for __use_two_region_memory
    startup_stm32l431xx.o(HEAP) refers (Special) to heapauxi.o(.text) for __use_two_region_memory
    startup_stm32l431xx.o(RESET) refers (Special) to heapauxi.o(.text) for __use_two_region_memory
    startup_stm32l431xx.o(RESET) refers to startup_stm32l431xx.o(STACK) for __initial_sp
    startup_stm32l431xx.o(RESET) refers to startup_stm32l431xx.o(.text) for Reset_Handler
    startup_stm32l431xx.o(RESET) refers to stm32l4xx_it.o(.text.NMI_Handler) for NMI_Handler
    startup_stm32l431xx.o(RESET) refers to stm32l4xx_it.o(.text.HardFault_Handler) for HardFault_Handler
    startup_stm32l431xx.o(RESET) refers to stm32l4xx_it.o(.text.MemManage_Handler) for MemManage_Handler
    startup_stm32l431xx.o(RESET) refers to stm32l4xx_it.o(.text.BusFault_Handler) for BusFault_Handler
    startup_stm32l431xx.o(RESET) refers to stm32l4xx_it.o(.text.UsageFault_Handler) for UsageFault_Handler
    startup_stm32l431xx.o(RESET) refers to stm32l4xx_it.o(.text.SVC_Handler) for SVC_Handler
    startup_stm32l431xx.o(RESET) refers to stm32l4xx_it.o(.text.DebugMon_Handler) for DebugMon_Handler
    startup_stm32l431xx.o(RESET) refers to stm32l4xx_it.o(.text.PendSV_Handler) for PendSV_Handler
    startup_stm32l431xx.o(RESET) refers to stm32l4xx_it.o(.text.SysTick_Handler) for SysTick_Handler
    startup_stm32l431xx.o(RESET) refers to stm32l4xx_it.o(.text.EXTI9_5_IRQHandler) for EXTI9_5_IRQHandler
    startup_stm32l431xx.o(RESET) refers to stm32l4xx_it.o(.text.TIM1_BRK_TIM15_IRQHandler) for TIM1_BRK_TIM15_IRQHandler
    startup_stm32l431xx.o(RESET) refers to spwm.o(.text.TIM1_CC_IRQHandler) for TIM1_CC_IRQHandler
    startup_stm32l431xx.o(RESET) refers to stm32l4xx_it.o(.text.TIM2_IRQHandler) for TIM2_IRQHandler
    startup_stm32l431xx.o(.text) refers (Special) to heapauxi.o(.text) for __use_two_region_memory
    startup_stm32l431xx.o(.text) refers to system_stm32l4xx.o(.text.SystemInit) for SystemInit
    startup_stm32l431xx.o(.text) refers to __main.o(!!!main) for __main
    startup_stm32l431xx.o(.text) refers to startup_stm32l431xx.o(HEAP) for Heap_Mem
    startup_stm32l431xx.o(.text) refers to startup_stm32l431xx.o(STACK) for Stack_Mem
    delay.o(.text.delay_init) refers to stm32l4xx_hal_cortex.o(.text.HAL_SYSTICK_CLKSourceConfig) for HAL_SYSTICK_CLKSourceConfig
    delay.o(.text.delay_init) refers to delay.o(.bss.fac_us) for fac_us
    delay.o(.ARM.exidx.text.delay_init) refers to delay.o(.text.delay_init) for [Anonymous Symbol]
    delay.o(.text.delay_us) refers to delay.o(.bss.fac_us) for fac_us
    delay.o(.ARM.exidx.text.delay_us) refers to delay.o(.text.delay_us) for [Anonymous Symbol]
    delay.o(.text.delay_ms) refers to delay.o(.bss.fac_us) for fac_us
    delay.o(.ARM.exidx.text.delay_ms) refers to delay.o(.text.delay_ms) for [Anonymous Symbol]
    key.o(.text.KEY_Init) refers to stm32l4xx_hal_gpio.o(.text.HAL_GPIO_Init) for HAL_GPIO_Init
    key.o(.ARM.exidx.text.KEY_Init) refers to key.o(.text.KEY_Init) for [Anonymous Symbol]
    key.o(.text.KEY_Scan) refers to key.o(.bss.KEY_Scan.key_up) for KEY_Scan.key_up
    key.o(.text.KEY_Scan) refers to stm32l4xx_hal_gpio.o(.text.HAL_GPIO_ReadPin) for HAL_GPIO_ReadPin
    key.o(.ARM.exidx.text.KEY_Scan) refers to key.o(.text.KEY_Scan) for [Anonymous Symbol]
    filter.o(.text.EE) refers to dmul.o(x$fpl$dmul) for __aeabi_dmul
    filter.o(.text.EE) refers to daddsub_clz.o(x$fpl$dsub) for __aeabi_dsub
    filter.o(.text.EE) refers to daddsub_clz.o(x$fpl$dadd) for __aeabi_dadd
    filter.o(.ARM.exidx.text.EE) refers to filter.o(.text.EE) for [Anonymous Symbol]
    filter.o(.text.create_sin_tab) refers to arm_sin_f32.o(.text.arm_sin_f32) for arm_sin_f32
    filter.o(.text.create_sin_tab) refers to f2d.o(x$fpl$f2d) for __aeabi_f2d
    filter.o(.ARM.exidx.text.create_sin_tab) refers to filter.o(.text.create_sin_tab) for [Anonymous Symbol]
    filter.o(.text.sin_tab) refers to dmul.o(x$fpl$dmul) for __aeabi_dmul
    filter.o(.text.sin_tab) refers to dfix.o(x$fpl$dfix) for __aeabi_d2iz
    filter.o(.text.sin_tab) refers to filter.o(.bss.SIN_TAB) for SIN_TAB
    filter.o(.ARM.exidx.text.sin_tab) refers to filter.o(.text.sin_tab) for [Anonymous Symbol]
    filter.o(.text.cos_tab) refers to daddsub_clz.o(x$fpl$dadd) for __aeabi_dadd
    filter.o(.text.cos_tab) refers to dcmp.o(x$fpl$fcmp) for __aeabi_dcmpgt
    filter.o(.text.cos_tab) refers to dmul.o(x$fpl$dmul) for __aeabi_dmul
    filter.o(.text.cos_tab) refers to dfix.o(x$fpl$dfix) for __aeabi_d2iz
    filter.o(.text.cos_tab) refers to filter.o(.bss.SIN_TAB) for SIN_TAB
    filter.o(.ARM.exidx.text.cos_tab) refers to filter.o(.text.cos_tab) for [Anonymous Symbol]
    filter.o(.text.FFT) refers to f2d.o(x$fpl$f2d) for __aeabi_f2d
[...]
    .L_MergedGlobals                         0x20000070   Data          12  spwm.o(.bss..L_MergedGlobals)
    [Anonymous Symbol]                       0x20000070   Section        0  spwm.o(.bss..L_MergedGlobals)
    HAL_TIM_PWM_PulseFinishedCallback.i      0x20000072   Data           2  spwm.o(.bss..L_MergedGlobals)
    .L_MergedGlobals                         0x2000007c   Data          20  main.o(.bss..L_MergedGlobals)
    [Anonymous Symbol]                       0x2000007c   Section        0  main.o(.bss..L_MergedGlobals)
    .L_MergedGlobals                         0x20000090   Data          84  tim.o(.bss..L_MergedGlobals)
    [Anonymous Symbol]                       0x20000090   Section        0  tim.o(.bss..L_MergedGlobals)
    Usart1_Printf.UartTxBuf                  0x20000a48   Data         400  my_usart.o(.bss.Usart1_Printf.UartTxBuf)
    [Anonymous Symbol]                       0x20000a48   Section        0  my_usart.o(.bss.Usart1_Printf.UartTxBuf)
    Heap_Mem                                 0x20000dc0   Data         512  startup_stm32l431xx.o(HEAP)
    HEAP                                     0x20000dc0   Section      512  startup_stm32l431xx.o(HEAP)
    Stack_Mem                                0x20000fc0   Data        1024  startup_stm32l431xx.o(STACK)
    STACK                                    0x20000fc0   Section     1024  startup_stm32l431xx.o(STACK)
    __initial_sp                             0x200013c0   Data           0  startup_stm32l431xx.o(STACK)

    Global Symbols

    Symbol Name                              Value     Ov Type        Size  Object(Section)

    BuildAttributes$$THM_ISAv4$E$P$D$K$B$S$7EM$VFPi3$EXTD16$VFPS$VFMA$PE$A:L22UL41UL21$X:L11$S22US41US21$IEEE1$IW$~IW$USESV6$~STKCKD$USESV7$~SHL$OTIME$ROPI$IEEEX$EBA8$UX$STANDARDLIB$REQ8$PRES8$EABIv2 0x00000000   Number         0  anon$$obj.o ABSOLUTE
    _printf_flags                            0x00000000   Number         0  printf_stubs.o ABSOLUTE
    _printf_return_value                     0x00000000   Number         0  printf_stubs.o ABSOLUTE
    _printf_sizespec                         0x00000000   Number         0  printf_stubs.o ABSOLUTE
    _printf_widthprec                        0x00000000   Number         0  printf_stubs.o ABSOLUTE
    __ARM_exceptions_init                     - Undefined Weak Reference
    __alloca_initialize                       - Undefined Weak Reference
    __arm_preinit_                            - Undefined Weak Reference
    __cpp_initialize__aeabi_                  - Undefined Weak Reference
    __cxa_finalize                            - Undefined Weak Reference
    __sigvec_lookup                           - Undefined Weak Reference
    _atexit_init                              - Undefined Weak Reference
    _call_atexit_fns                          - Undefined Weak Reference
    _clock_init                               - Undefined Weak Reference
    _fp_trap_init                             - Undefined Weak Reference
    _fp_trap_shutdown                         - Undefined Weak Reference
    _get_lc_collate                           - Undefined Weak Reference
    _get_lc_monetary                          - Undefined Weak Reference
    _get_lc_time                              - Undefined Weak Reference
    _getenv_init                              - Undefined Weak Reference
    _handle_redirection                       - Undefined Weak Reference
    _init_alloc                               - Undefined Weak Reference
    _init_user_alloc                          - Undefined Weak Reference
    _initio                                   - Undefined Weak Reference
    _printf_mbtowc                            - Undefined Weak Reference
    _printf_wc                                - Undefined Weak Reference
    _rand_init                                - Undefined Weak Reference
    _signal_finish                            - Undefined Weak Reference
    _signal_init                              - Undefined Weak Reference
    _terminate_alloc                          - Undefined Weak Reference
    _terminate_user_alloc                     - Undefined Weak Reference
    _terminateio                              - Undefined Weak Reference
    __Vectors_Size                           0x0000018c   Number         0  startup_stm32l431xx.o ABSOLUTE
    __Vectors                                0x08000000   Data           4  startup_stm32l431xx.o(RESET)
    __Vectors_End                            0x0800018c   Data           0  startup_stm32l431xx.o(RESET)
    __main                                   0x0800018d   Thumb Code     8  __main.o(!!!main)
    __scatterload                            0x08000195   Thumb Code     0  __scatter.o(!!!scatter)
    __scatterload_rt2                        0x08000195   Thumb Code    44  __scatter.o(!!!scatter)
    __scatterload_rt2_thumb_only             0x08000195   Thumb Code     0  __scatter.o(!!!scatter)
    __scatterload_null                       0x080001a3   Thumb Code     0  __scatter.o(!!!scatter)
    __scatterload_copy                       0x080001c9   Thumb Code    26  __scatter_copy.o(!!handler_copy)
    __scatterload_zeroinit                   0x080001e5   Thumb Code    28  __scatter_zi.o(!!handler_zi)
    _printf_n                                0x08000201   Thumb Code     0  _printf_n.o(.ARM.Collect$$_printf_percent$$00000001)
    _printf_percent                          0x08000201   Thumb Code     0  _printf_percent.o(.ARM.Collect$$_printf_percent$$00000000)
    _printf_p                                0x08000207   Thumb Code     0  _printf_p.o(.ARM.Collect$$_printf_percent$$00000002)
    _printf_f                                0x0800020d   Thumb Code     0  _printf_f.o(.ARM.Collect$$_printf_percent$$00000003)
    _printf_e                                0x08000213   Thumb Code     0  _printf_e.o(.ARM.Collect$$_printf_percent$$00000004)
    _printf_g                                0x08000219   Thumb Code     0  _printf_g.o(.ARM.Collect$$_printf_percent$$00000005)
    _printf_a                                0x0800021f   Thumb Code     0  _printf_a.o(.ARM.Collect$$_printf_percent$$00000006)
    _printf_ll                               0x08000225   Thumb Code     0  _printf_ll.o(.ARM.Collect$$_printf_percent$$00000007)
    _printf_i                                0x0800022f   Thumb Code     0  _printf_i.o(.ARM.Collect$$_printf_percent$$00000008)
    _printf_d                                0x08000235   Thumb Code     0  _printf_d.o(.ARM.Collect$$_printf_percent$$00000009)
    _printf_u                                0x0800023b   Thumb Code     0  _printf_u.o(.ARM.Collect$$_printf_percent$$0000000A)
    _printf_o                                0x08000241   Thumb Code     0  _printf_o.o(.ARM.Collect$$_printf_percent$$0000000B)
    _printf_x                                0x08000247   Thumb Code     0  _printf_x.o(.ARM.Collect$$_printf_percent$$0000000C)
    _printf_lli                              0x0800024d   Thumb Code     0  _printf_lli.o(.ARM.Collect$$_printf_percent$$0000000D)
    _printf_lld                              0x08000253   Thumb Code     0  _printf_lld.o(.ARM.Collect$$_printf_percent$$0000000E)
    _printf_llu                              0x08000259   Thumb Code     0  _printf_llu.o(.ARM.Collect$$_printf_percent$$0000000F)
    _printf_llo                              0x0800025f   Thumb Code     0  _printf_llo.o(.ARM.Collect$$_printf_percent$$00000010)
    _printf_llx                              0x08000265   Thumb Code     0  _printf_llx.o(.ARM.Collect$$_printf_percent$$00000011)
    _printf_l                                0x0800026b   Thumb Code     0  _printf_l.o(.ARM.Collect$$_printf_percent$$00000012)
    _printf_c                                0x08000275   Thumb Code     0  _printf_c.o(.ARM.Collect$$_printf_percent$$00000013)
    _printf_s                                0x0800027b   Thumb Code     0  _printf_s.o(.ARM.Collect$$_printf_percent$$00000014)
    _printf_lc                               0x08000281   Thumb Code     0  _printf_lc.o(.ARM.Collect$$_printf_percent$$00000015)
    _printf_ls                               0x08000287   Thumb Code     0  _printf_ls.o(.ARM.Collect$$_printf_percent$$00000016)
    _printf_percent_end                      0x0800028d   Thumb Code     0  _printf_percent_end.o(.ARM.Collect$$_printf_percent$$00000017)
    __rt_lib_init                            0x08000291   Thumb Code     0  libinit.o(.ARM.Collect$$libinit$$00000000)
    __rt_lib_init_fp_1                       0x08000293   Thumb Code     0  libinit2.o(.ARM.Collect$$libinit$$00000001)
    __rt_lib_init_heap_1                     0x08000297   Thumb Code     0  libinit2.o(.ARM.Collect$$libinit$$0000000A)
    __rt_lib_init_lc_common                  0x08000297   Thumb Code     0  libinit2.o(.ARM.Collect$$libinit$$0000000F)
    __rt_lib_init_preinit_1                  0x08000297   Thumb Code     0  libinit2.o(.ARM.Collect$$libinit$$00000004)
    __rt_lib_init_rand_1                     0x08000297   Thumb Code     0  libinit2.o(.ARM.Collect$$libinit$$0000000E)
    __rt_lib_init_user_alloc_1               0x08000297   Thumb Code     0  libinit2.o(.ARM.Collect$$libinit$$0000000C)
    __rt_lib_init_lc_collate_1               0x0800029d   Thumb Code     0  libinit2.o(.ARM.Collect$$libinit$$00000011)
    __rt_lib_init_lc_ctype_2                 0x0800029d   Thumb Code     0  libinit2.o(.ARM.Collect$$libinit$$00000012)
    __rt_lib_init_lc_ctype_1                 0x080002a9   Thumb Code     0  libinit2.o(.ARM.Collect$$libinit$$00000013)
    __rt_lib_init_lc_monetary_1              0x080002a9   Thumb Code     0  libinit2.o(.ARM.Collect$$libinit$$00000015)
    __rt_lib_init_lc_numeric_2               0x080002a9   Thumb Code     0  libinit2.o(.ARM.Collect$$libinit$$00000016)
    __rt_lib_init_alloca_1                   0x080002b3   Thumb Code     0  libinit2.o(.ARM.Collect$$libinit$$0000002E)
    __rt_lib_init_argv_1                     0x080002b3   Thumb Code     0  libinit2.o(.ARM.Collect$$libinit$$0000002C)
    __rt_lib_init_atexit_1                   0x080002b3   Thumb Code     0  libinit2.o(.ARM.Collect$$libinit$$0000001B)
    __rt_lib_init_clock_1                    0x080002b3   Thumb Code     0  libinit2.o(.ARM.Collect$$libinit$$00000021)
    __rt_lib_init_cpp_1                      0x080002b3   Thumb Code     0  libinit2.o(.ARM.Collect$$libinit$$00000032)
    __rt_lib_init_exceptions_1               0x080002b3   Thumb Code     0  libinit2.o(.ARM.Collect$$libinit$$00000030)
    __rt_lib_init_fp_trap_1                  0x080002b3   Thumb Code     0  libinit2.o(.ARM.Collect$$libinit$$0000001F)
    __rt_lib_init_getenv_1                   0x080002b3   Thumb Code     0  libinit2.o(.ARM.Collect$$libinit$$00000023)
    __rt_lib_init_lc_numeric_1               0x080002b3   Thumb Code     0  libinit2.o(.ARM.Collect$$libinit$$00000017)
    __rt_lib_init_lc_time_1                  0x080002b3   Thumb Code     0  libinit2.o(.ARM.Collect$$libinit$$00000019)
    __rt_lib_init_return                     0x080002b3   Thumb Code     0  libinit2.o(.ARM.Collect$$libinit$$00000033)
    __rt_lib_init_signal_1                   0x080002b3   Thumb Code     0  libinit2.o(.ARM.Collect$$libinit$$0000001D)
    __rt_lib_init_stdio_1                    0x080002b3   Thumb Code     0  libinit2.o(.ARM.Collect$$libinit$$00000025)
    __rt_lib_shutdown                        0x080002b5   Thumb Code     0  libshutdown.o(.ARM.Collect$$libshutdown$$00000000)
    __rt_lib_shutdown_cpp_1                  0x080002b7   Thumb Code     0  libshutdown2.o(.ARM.Collect$$libshutdown$$00000002)
    __rt_lib_shutdown_fp_trap_1              0x080002b7   Thumb Code     0  libshutdown2.o(.ARM.Collect$$libshutdown$$00000007)
    __rt_lib_shutdown_heap_1                 0x080002b7   Thumb Code     0  libshutdown2.o(.ARM.Collect$$libshutdown$$0000000F)
    __rt_lib_shutdown_return                 0x080002b7   Thumb Code     0  libshutdown2.o(.ARM.Collect$$libshutdown$$00000010)
    __rt_lib_shutdown_signal_1               0x080002b7   Thumb Code     0  libshutdown2.o(.ARM.Collect$$libshutdown$$0000000A)
    __rt_lib_shutdown_stdio_1                0x080002b7   Thumb Code     0  libshutdown2.o(.ARM.Collect$$libshutdown$$00000004)
    __rt_lib_shutdown_user_alloc_1           0x080002b7   Thumb Code     0  libshutdown2.o(.ARM.Collect$$libshutdown$$0000000C)
    __rt_entry                               0x080002b9   Thumb Code     0  __rtentry.o(.ARM.Collect$$rtentry$$00000000)
    __rt_entry_presh_1                       0x080002b9   Thumb Code     0  __rtentry2.o(.ARM.Collect$$rtentry$$00000002)
    __rt_entry_sh                            0x080002b9   Thumb Code     0  __rtentry4.o(.ARM.Collect$$rtentry$$00000004)
    __rt_entry_li                            0x080002bf   Thumb Code     0  __rtentry2.o(.ARM.Collect$$rtentry$$0000000A)
    __rt_entry_postsh_1                      0x080002bf   Thumb Code     0  __rtentry2.o(.ARM.Collect$$rtentry$$00000009)
    __rt_entry_main                          0x080002c3   Thumb Code     0  __rtentry2.o(.ARM.Collect$$rtentry$$0000000D)
    __rt_entry_postli_1                      0x080002c3   Thumb Code     0  __rtentry2.o(.ARM.Collect$$rtentry$$0000000C)
    __rt_exit                                0x080002cb   Thumb Code     0  rtexit.o(.ARM.Collect$$rtexit$$00000000)
    __rt_exit_ls                             0x080002cd   Thumb Code     0  rtexit2.o(.ARM.Collect$$rtexit$$00000003)
    __rt_exit_prels_1                        0x080002cd   Thumb Code     0  rtexit2.o(.ARM.Collect$$rtexit$$00000002)
    __rt_exit_exit                           0x080002d1   Thumb Code     0  rtexit2.o(.ARM.Collect$$rtexit$$00000004)
    Reset_Handler                            0x080002d9   Thumb Code     8  startup_stm32l431xx.o(.text)
    ADC1_IRQHandler                          0x080002f3   Thumb Code     0  startup_stm32l431xx.o(.text)
    CAN1_RX0_IRQHandler                      0x080002f3   Thumb Code     0  startup_stm32l431xx.o(.text)
    CAN1_RX1_IRQHandler                      0x080002f3   Thumb Code     0  startup_stm32l431xx.o(.text)
    CAN1_SCE_IRQHandler                      0x080002f3   Thumb Code     0  startup_stm32l431xx.o(.text)
    CAN1_TX_IRQHandler                       0x080002f3   Thumb Code     0  startup_stm32l431xx.o(.text)
    COMP_IRQHandler                          0x080002f3   Thumb Code     0  startup_stm32l431xx.o(.text)
    CRS_IRQHandler                           0x080002f3   Thumb Code     0  startup_stm32l431xx.o(.text)
    DMA1_Channel1_IRQHandler                 0x080002f3   Thumb Code     0  startup_stm32l431xx.o(.text)
    DMA1_Channel2_IRQHandler                 0x080002f3   Thumb Code     0  startup_stm32l431xx.o(.text)
    DMA1_Channel3_IRQHandler                 0x080002f3   Thumb Code     0  startup_stm32l431xx.o(.text)
    DMA1_Channel4_IRQHandler                 0x080002f3   Thumb Code     0  startup_stm32l431xx.o(.text)
    DMA1_Channel5_IRQHandler                 0x080002f3   Thumb Code     0  startup_stm32l431xx.o(.text)
    DMA1_Channel6_IRQHandler                 0x080002f3   Thumb Code     0  startup_stm32l431xx.o(.text)
    DMA1_Channel7_IRQHandler                 0x080002f3   Thumb Code     0  startup_stm32l431xx.o(.text)
    DMA2_Channel1_IRQHandler                 0x080002f3   Thumb Code     0  startup_stm32l431xx.o(.text)
    DMA2_Channel2_IRQHandler                 0x080002f3   Thumb Code     0  startup_stm32l431xx.o(.text)
    DMA2_Channel3_IRQHandler                 0x080002f3   Thumb Code     0  startup_stm32l431xx.o(.text)
    DMA2_Channel4_IRQHandler                 0x080002f3   Thumb Code     0  startup_stm32l431xx.o(.text)
    DMA2_Channel5_IRQHandler                 0x080002f3   Thumb Code     0  startup_stm32l431xx.o(.text)
    DMA2_Channel6_IRQHandler                 0x080002f3   Thumb Code     0  startup_stm32l431xx.o(.text)
    DMA2_Channel7_IRQHandler                 0x080002f3   Thumb Code     0  startup_stm32l431xx.o(.text)
    EXTI0_IRQHandler                         0x080002f3   Thumb Code     0  startup_stm32l431xx.o(.text)
    EXTI15_10_IRQHandler                     0x080002f3   Thumb Code     0  startup_stm32l431xx.o(.text)
    EXTI1_IRQHandler                         0x080002f3   Thumb Code     0  startup_stm32l431xx.o(.text)
    EXTI2_IRQHandler                         0x080002f3   Thumb Code     0  startup_stm32l431xx.o(.text)
    EXTI3_IRQHandler                         0x080002f3   Thumb Code     0  startup_stm32l431xx.o(.text)
    EXTI4_IRQHandler                         0x080002f3   Thumb Code     0  startup_stm32l431xx.o(.text)
    FLASH_IRQHandler                         0x080002f3   Thumb Code     0  startup_stm32l431xx.o(.text)
    FPU_IRQHandler                           0x080002f3   Thumb Code     0  startup_stm32l431xx.o(.text)
    I2C1_ER_IRQHandler                       0x080002f3   Thumb Code     0  startup_stm32l431xx.o(.text)
    I2C1_EV_IRQHandler                       0x080002f3   Thumb Code     0  startup_stm32l431xx.o(.text)
    I2C2_ER_IRQHandler                       0x080002f3   Thumb Code     0  startup_stm32l431xx.o(.text)
    I2C2_EV_IRQHandler                       0x080002f3   Thumb Code     0  startup_stm32l431xx.o(.text)
    I2C3_ER_IRQHandler                       0x080002f3   Thumb Code     0  startup_stm32l431xx.o(.text)
    I2C3_EV_IRQHandler                       0x080002f3   Thumb Code     0  startup_stm32l431xx.o(.text)
    LPTIM1_IRQHandler                        0x080002f3   Thumb Code     0  startup_stm32l431xx.o(.text)
    LPTIM2_IRQHandler                        0x080002f3   Thumb Code     0  startup_stm32l431xx.o(.text)
    LPUART1_IRQHandler                       0x080002f3   Thumb Code     0  startup_stm32l431xx.o(.text)
    PVD_PVM_IRQHandler                       0x080002f3   Thumb Code     0  startup_stm32l431xx.o(.text)
    QUADSPI_IRQHandler                       0x080002f3   Thumb Code     0  startup_stm32l431xx.o(.text)
    RCC_IRQHandler                           0x080002f3   Thumb Code     0  startup_stm32l431xx.o(.text)
    RNG_IRQHandler                           0x080002f3   Thumb Code     0  startup_stm32l431xx.o(.text)
    RTC_Alarm_IRQHandler                     0x080002f3   Thumb Code     0  startup_stm32l431xx.o(.text)
    RTC_WKUP_IRQHandler                      0x080002f3   Thumb Code     0  startup_stm32l431xx.o(.text)
    SAI1_IRQHandler                          0x080002f3   Thumb Code     0  startup_stm32l431xx.o(.text)
    SDMMC1_IRQHandler                        0x080002f3   Thumb Code     0  startup_stm32l431xx.o(.text)
    SPI1_IRQHandler                          0x080002f3   Thumb Code     0  startup_stm32l431xx.o(.text)
    SPI2_IRQHandler                          0x080002f3   Thumb Code     0  startup_stm32l431xx.o(.text)
    SPI3_IRQHandler                          0x080002f3   Thumb Code     0  startup_stm32l431xx.o(.text)
    SWPMI1_IRQHandler                        0x080002f3   Thumb Code     0  startup_stm32l431xx.o(.text)
    TAMP_STAMP_IRQHandler                    0x080002f3   Thumb Code     0  startup_stm32l431xx.o(.text)
    TIM1_TRG_COM_IRQHandler                  0x080002f3   Thumb Code     0  startup_stm32l431xx.o(.text)
    TIM1_UP_TIM16_IRQHandler                 0x080002f3   Thumb Code     0  startup_stm32l431xx.o(.text)
    TIM6_DAC_IRQHandler                      0x080002f3   Thumb Code     0  startup_stm32l431xx.o(.text)
    TIM7_IRQHandler                          0x080002f3   Thumb Code     0  startup_stm32l431xx.o(.text)
    TSC_IRQHandler                           0x080002f3   Thumb Code     0  startup_stm32l431xx.o(.text)
    USART1_IRQHandler                        0x080002f3   Thumb Code     0  startup_stm32l431xx.o(.text)
    USART2_IRQHandler                        0x080002f3   Thumb Code     0  startup_stm32l431xx.o(.text)
    USART3_IRQHandler                        0x080002f3   Thumb Code     0  startup_stm32l431xx.o(.text)
    WWDG_IRQHandler                          0x080002f3   Thumb Code     0  startup_stm32l431xx.o(.text)
    __user_initial_stackheap                 0x080002f5   Thumb Code     0  startup_stm32l431xx.o(.text)
    __aeabi_uldivmod                         0x08000319   Thumb Code     0  lludivv7m.o(.text)
    _ll_udiv                                 0x08000319   Thumb Code   240  lludivv7m.o(.text)
    vsnprintf                                0x08000409   Thumb Code    48  vsnprintf.o(.text)
    __aeabi_memclr4                          0x0800043d   Thumb Code     0  rt_memclr_w.o(.text)
    __aeabi_memclr8                          0x0800043d   Thumb Code     0  rt_memclr_w.o(.text)
    __rt_memclr_w                            0x0800043d   Thumb Code     0  rt_memclr_w.o(.text)
    _memset_w                                0x08000441   Thumb Code    74  rt_memclr_w.o(.text)
    __use_two_region_memory                  0x0800048b   Thumb Code     2  heapauxi.o(.text)
    __rt_heap_escrow$2region                 0x0800048d   Thumb Code     2  heapauxi.o(.text)
    __rt_heap_expand$2region                 0x0800048f   Thumb Code     2  heapauxi.o(.text)
    __read_errno                             0x08000491   Thumb Code    10  _rserrno.o(.text)
    __set_errno                              0x0800049b   Thumb Code    12  _rserrno.o(.text)
    _printf_pre_padding                      0x080004a7   Thumb Code    44  _printf_pad.o(.text)
    _printf_post_padding                     0x080004d3   Thumb Code    34  _printf_pad.o(.text)
    _printf_truncate_signed                  0x080004f5   Thumb Code    18  _printf_truncate.o(.text)
    _printf_truncate_unsigned                0x08000507   Thumb Code    18  _printf_truncate.o(.text)
    _printf_str                              0x08000519   Thumb Code    82  _printf_str.o(.text)
    _printf_int_dec                          0x0800056d   Thumb Code   104  _printf_dec.o(.text)
    _printf_charcount                        0x080005e5   Thumb Code    40  _printf_charcount.o(.text)
    _printf_char_common                      0x08000617   Thumb Code    32  _printf_char_common.o(.text)
    _sputc                                   0x0800063d   Thumb Code    10  _sputc.o(.text)
    _snputc                                  0x08000647   Thumb Code    16  _snputc.o(.text)
    _printf_wctomb                           0x08000659   Thumb Code   182  _printf_wctomb.o(.text)
    _printf_longlong_dec                     0x0800071d   Thumb Code   108  _printf_longlong_dec.o(.text)
    _printf_longlong_oct                     0x08000799   Thumb Code    68  _printf_oct_int_ll.o(.text)
    _printf_int_oct                          0x080007dd   Thumb Code    24  _printf_oct_int_ll.o(.text)
    _printf_ll_oct                           0x080007f5   Thumb Code    12  _printf_oct_int_ll.o(.text)
    _printf_longlong_hex                     0x08000809   Thumb Code    86  _printf_hex_int_ll_ptr.o(.text)
    _printf_int_hex                          0x0800085f   Thumb Code    28  _printf_hex_int_ll_ptr.o(.text)
    _printf_ll_hex                           0x0800087b   Thumb Code    12  _printf_hex_int_ll_ptr.o(.text)
    _printf_hex_ptr                          0x08000887   Thumb Code    18  _printf_hex_int_ll_ptr.o(.text)
    __printf                                 0x0800089d   Thumb Code   388  __printf_flags_ss_wp.o(.text)
    __aeabi_errno_addr                       0x08000a2d   Thumb Code     8  rt_errno_addr_intlibspace.o(.text)
    __errno$intlibspace                      0x08000a2d   Thumb Code     0  rt_errno_addr_intlibspace.o(.text)
    __rt_errno_addr$intlibspace              0x08000a2d   Thumb Code     0  rt_errno_addr_intlibspace.o(.text)
    _ll_udiv10                               0x08000a35   Thumb Code   138  lludiv10.o(.text)
    _printf_int_common                       0x08000abf   Thumb Code   178  _printf_intcommon.o(.text)
    _printf_fp_dec_real                      0x08000d21   Thumb Code   620  _printf_fp_dec.o(.text)
    _printf_fp_hex_real                      0x08000f95   Thumb Code   756  _printf_fp_hex.o(.text)
    _printf_cs_common                        0x08001297   Thumb Code    20  _printf_char.o(.text)
    _printf_char                             0x080012ab   Thumb Code    16  _printf_char.o(.text)
    _printf_string                           0x080012bb   Thumb Code     8  _printf_char.o(.text)
    _printf_lcs_common                       0x080012c3   Thumb Code    20  _printf_wchar.o(.text)
    _printf_wchar                            0x080012d7   Thumb Code    16  _printf_wchar.o(.text)
    _printf_wstring                          0x080012e7   Thumb Code     8  _printf_wchar.o(.text)
    _c16rtomb                                0x080012ef   Thumb Code    72  _c16rtomb.o(.text)
    _wcrtomb                                 0x080012ef   Thumb Code     0  _c16rtomb.o(.text)
    __user_libspace                          0x08001339   Thumb Code     8  libspace.o(.text)
    __user_perproc_libspace                  0x08001339   Thumb Code     0  libspace.o(.text)
    __user_perthread_libspace                0x08001339   Thumb Code     0  libspace.o(.text)
    __user_setup_stackheap                   0x08001341   Thumb Code    74  sys_stackheap_outer.o(.text)
    __rt_ctype_table                         0x0800138d   Thumb Code    16  rt_ctype_table.o(.text)
    __rt_locale                              0x0800139d   Thumb Code     8  rt_locale_intlibspace.o(.text)
    _printf_fp_infnan                        0x080013a5   Thumb Code   112  _printf_fp_infnan.o(.text)
    _btod_etento                             0x08001425   Thumb Code   224  bigflt0.o(.text)
    exit                                     0x08001509   Thumb Code    18  exit.o(.text)
    strcmp                                   0x08001521   Thumb Code   124  strcmpv7em.o(.text)
    _sys_exit                                0x0800159d   Thumb Code     8  sys_exit.o(.text)
    __I$use$semihosting                      0x080015a9   Thumb Code     0  use_no_semi.o(.text)
    __use_no_semihosting_swi                 0x080015a9   Thumb Code     2  use_no_semi.o(.text)
    __semihosting_library_function           0x080015ab   Thumb Code     0  indicate_semi.o(.text)
    ADC_DMAConvCplt                          0x080015ad   Thumb Code   122  stm32l4xx_hal_adc.o(.text.ADC_DMAConvCplt)
    ADC_DMAError                             0x08001629   Thumb Code    22  stm32l4xx_hal_adc.o(.text.ADC_DMAError)
    ADC_DMAHalfConvCplt                      0x08001641   Thumb Code     6  stm32l4xx_hal_adc.o(.text.ADC_DMAHalfConvCplt)
    ADC_Enable                               0x08001649   Thumb Code   254  stm32l4xx_hal_adc.o(.text.ADC_Enable)
    BusFault_Handler                         0x08001749   Thumb Code     2  stm32l4xx_it.o(.text.BusFault_Handler)
    DebugMon_Handler                         0x0800174d   Thumb Code     2  stm32l4xx_it.o(.text.DebugMon_Handler)
    EXTI9_5_IRQHandler                       0x08001751   Thumb Code     8  stm32l4xx_it.o(.text.EXTI9_5_IRQHandler)
    Error_Handler                            0x08001759   Thumb Code    10  main.o(.text.Error_Handler)
    First_order_lag_filtering                0x08001765   Thumb Code     2  filter.o(.text.First_order_lag_filtering)
    HAL_ADC_ConfigChannel                    0x08001769   Thumb Code   876  stm32l4xx_hal_adc.o(.text.HAL_ADC_ConfigChannel)
    HAL_ADC_ConvCpltCallback                 0x08001ad5   Thumb Code     2  stm32l4xx_hal_adc.o(.text.HAL_ADC_ConvCpltCallback)
    HAL_ADC_ConvHalfCpltCallback             0x08001ad9   Thumb Code     2  stm32l4xx_hal_adc.o(.text.HAL_ADC_ConvHalfCpltCallback)
    HAL_ADC_ErrorCallback                    0x08001add   Thumb Code     2  stm32l4xx_hal_adc.o(.text.HAL_ADC_ErrorCallback)
    HAL_ADC_Init                             0x08001ae1   Thumb Code   508  stm32l4xx_hal_adc.o(.text.HAL_ADC_Init)
    HAL_ADC_MspInit                          0x08001cdd   Thumb Code   172  adc.o(.text.HAL_ADC_MspInit)
    HAL_ADC_Start_DMA                        0x08001d89   Thumb Code   180  stm32l4xx_hal_adc.o(.text.HAL_ADC_Start_DMA)
    HAL_DMA_Start_IT                         0x08001e3d   Thumb Code   164  stm32l4xx_hal_dma.o(.text.HAL_DMA_Start_IT)
    HAL_GPIO_EXTI_Callback                   0x08001ee1   Thumb Code    22  spwm.o(.text.HAL_GPIO_EXTI_Callback)
    HAL_GPIO_EXTI_IRQHandler                 0x08001ef9   Thumb Code    22  stm32l4xx_hal_gpio.o(.text.HAL_GPIO_EXTI_IRQHandler)
    HAL_GPIO_Init                            0x08001f11   Thumb Code   474  stm32l4xx_hal_gpio.o(.text.HAL_GPIO_Init)
    HAL_GetTick                              0x080020f1   Thumb Code    12  stm32l4xx_hal.o(.text.HAL_GetTick)
    HAL_IncTick                              0x080020fd   Thumb Code    26  stm32l4xx_hal.o(.text.HAL_IncTick)
    HAL_Init                                 0x08002119   Thumb Code    30  stm32l4xx_hal.o(.text.HAL_Init)
    HAL_InitTick                             0x08002139   Thumb Code    78  stm32l4xx_hal.o(.text.HAL_InitTick)
    HAL_MspInit                              0x08002189   Thumb Code    50  stm32l4xx_hal_msp.o(.text.HAL_MspInit)
    HAL_NVIC_EnableIRQ                       0x080021bd   Thumb Code    32  stm32l4xx_hal_cortex.o(.text.HAL_NVIC_EnableIRQ)
    HAL_NVIC_SetPriority                     0x080021dd   Thumb Code    86  stm32l4xx_hal_cortex.o(.text.HAL_NVIC_SetPriority)
    HAL_NVIC_SetPriorityGrouping             0x08002235   Thumb Code    32  stm32l4xx_hal_cortex.o(.text.HAL_NVIC_SetPriorityGrouping)
    HAL_PWREx_ControlVoltageScaling          0x08002255   Thumb Code   152  stm32l4xx_hal_pwr_ex.o(.text.HAL_PWREx_ControlVoltageScaling)
    HAL_PWREx_GetVoltageRange                0x080022ed   Thumb Code    16  stm32l4xx_hal_pwr_ex.o(.text.HAL_PWREx_GetVoltageRange)
    HAL_RCCEx_PeriphCLKConfig                0x080022fd   Thumb Code   688  stm32l4xx_hal_rcc_ex.o(.text.HAL_RCCEx_PeriphCLKConfig)
    HAL_RCC_ClockConfig                      0x080025ad   Thumb Code   634  stm32l4xx_hal_rcc.o(.text.HAL_RCC_ClockConfig)
    HAL_RCC_GetPCLK1Freq                     0x08002829   Thumb Code    42  stm32l4xx_hal_rcc.o(.text.HAL_RCC_GetPCLK1Freq)
    HAL_RCC_GetPCLK2Freq                     0x08002855   Thumb Code    42  stm32l4xx_hal_rcc.o(.text.HAL_RCC_GetPCLK2Freq)
    HAL_RCC_GetSysClockFreq                  0x08002881   Thumb Code   194  stm32l4xx_hal_rcc.o(.text.HAL_RCC_GetSysClockFreq)
    HAL_RCC_OscConfig                        0x08002945   Thumb Code  2000  stm32l4xx_hal_rcc.o(.text.HAL_RCC_OscConfig)
    HAL_SPI_Init                             0x08003115   Thumb Code   220  stm32l4xx_hal_spi.o(.text.HAL_SPI_Init)
    HAL_SPI_MspInit                          0x080031f1   Thumb Code   108  spi.o(.text.HAL_SPI_MspInit)
    HAL_SYSTICK_Config                       0x0800325d   Thumb Code    44  stm32l4xx_hal_cortex.o(.text.HAL_SYSTICK_Config)
    HAL_TIMEx_Break2Callback                 0x08003289   Thumb Code     2  stm32l4xx_hal_tim_ex.o(.text.HAL_TIMEx_Break2Callback)
    HAL_TIMEx_BreakCallback                  0x0800328d   Thumb Code     2  stm32l4xx_hal_tim_ex.o(.text.HAL_TIMEx_BreakCallback)
    HAL_TIMEx_CommutCallback                 0x08003291   Thumb Code     2  stm32l4xx_hal_tim_ex.o(.text.HAL_TIMEx_CommutCallback)
    HAL_TIMEx_ConfigBreakDeadTime            0x08003295   Thumb Code   152  stm32l4xx_hal_tim_ex.o(.text.HAL_TIMEx_ConfigBreakDeadTime)
    HAL_TIMEx_MasterConfigSynchronization    0x0800332d   Thumb Code   104  stm32l4xx_hal_tim_ex.o(.text.HAL_TIMEx_MasterConfigSynchronization)
    HAL_TIMEx_PWMN_Start                     0x08003395   Thumb Code   196  stm32l4xx_hal_tim_ex.o(.text.HAL_TIMEx_PWMN_Start)
    HAL_TIM_Base_Init                        0x08003459   Thumb Code   226  stm32l4xx_hal_tim.o(.text.HAL_TIM_Base_Init)
    HAL_TIM_Base_MspInit                     0x0800353d   Thumb Code    70  tim.o(.text.HAL_TIM_Base_MspInit)
    HAL_TIM_ConfigClockSource                0x08003585   Thumb Code   412  stm32l4xx_hal_tim.o(.text.HAL_TIM_ConfigClockSource)
    HAL_TIM_IC_CaptureCallback               0x08003721   Thumb Code    96  tim.o(.text.HAL_TIM_IC_CaptureCallback)
    HAL_TIM_IC_ConfigChannel                 0x08003781   Thumb Code   358  stm32l4xx_hal_tim.o(.text.HAL_TIM_IC_ConfigChannel)
    HAL_TIM_IC_Init                          0x080038e9   Thumb Code   226  stm32l4xx_hal_tim.o(.text.HAL_TIM_IC_Init)
    HAL_TIM_IC_MspInit                       0x080039cd   Thumb Code   184  tim.o(.text.HAL_TIM_IC_MspInit)
    HAL_TIM_IC_Start_IT                      0x08003a85   Thumb Code   446  stm32l4xx_hal_tim.o(.text.HAL_TIM_IC_Start_IT)
    HAL_TIM_IRQHandler                       0x08003c45   Thumb Code   396  stm32l4xx_hal_tim.o(.text.HAL_TIM_IRQHandler)
    HAL_TIM_MspPostInit                      0x08003dd1   Thumb Code   150  tim.o(.text.HAL_TIM_MspPostInit)
    HAL_TIM_OC_DelayElapsedCallback          0x08003e69   Thumb Code     2  stm32l4xx_hal_tim.o(.text.HAL_TIM_OC_DelayElapsedCallback)
    HAL_TIM_PWM_ConfigChannel                0x08003e6d   Thumb Code   936  stm32l4xx_hal_tim.o(.text.HAL_TIM_PWM_ConfigChannel)
    HAL_TIM_PWM_Init                         0x08004215   Thumb Code   226  stm32l4xx_hal_tim.o(.text.HAL_TIM_PWM_Init)
    HAL_TIM_PWM_MspInit                      0x080042f9   Thumb Code     2  stm32l4xx_hal_tim.o(.text.HAL_TIM_PWM_MspInit)
    HAL_TIM_PWM_PulseFinishedCallback        0x080042fd   Thumb Code   120  spwm.o(.text.HAL_TIM_PWM_PulseFinishedCallback)
    HAL_TIM_PWM_Start_IT                     0x08004375   Thumb Code   398  stm32l4xx_hal_tim.o(.text.HAL_TIM_PWM_Start_IT)
    HAL_TIM_PeriodElapsedCallback            0x08004505   Thumb Code     2  stm32l4xx_hal_tim.o(.text.HAL_TIM_PeriodElapsedCallback)
    HAL_TIM_ReadCapturedValue                0x08004509   Thumb Code    52  stm32l4xx_hal_tim.o(.text.HAL_TIM_ReadCapturedValue)
    HAL_TIM_SlaveConfigSynchro               0x0800453d   Thumb Code    88  stm32l4xx_hal_tim.o(.text.HAL_TIM_SlaveConfigSynchro)
    HAL_TIM_TriggerCallback                  0x08004595   Thumb Code     2  stm32l4xx_hal_tim.o(.text.HAL_TIM_TriggerCallback)
    HAL_UART_Init                            0x08004599   Thumb Code   194  stm32l4xx_hal_uart.o(.text.HAL_UART_Init)
    HAL_UART_MspInit                         0x0800465d   Thumb Code   204  usart.o(.text.HAL_UART_MspInit)
    HAL_UART_Transmit                        0x08004729   Thumb Code   216  stm32l4xx_hal_uart.o(.text.HAL_UART_Transmit)
    HardFault_Handler                        0x08004801   Thumb Code     2  stm32l4xx_it.o(.text.HardFault_Handler)
    MX_ADC1_Init                             0x08004805   Thumb Code   228  adc.o(.text.MX_ADC1_Init)
    MX_GPIO_Init                             0x080048e9   Thumb Code   140  gpio.o(.text.MX_GPIO_Init)
    MX_SPI2_Init                             0x08004975   Thumb Code    76  spi.o(.text.MX_SPI2_Init)
    MX_TIM15_Init                            0x080049c1   Thumb Code   206  tim.o(.text.MX_TIM15_Init)
    MX_TIM1_Init                             0x08004a91   Thumb Code   298  tim.o(.text.MX_TIM1_Init)
    MX_TIM2_Init                             0x08004bbd   Thumb Code   184  tim.o(.text.MX_TIM2_Init)
    MX_USART1_UART_Init                      0x08004c75   Thumb Code    64  usart.o(.text.MX_USART1_UART_Init)
    MemManage_Handler                        0x08004cb5   Thumb Code     2  stm32l4xx_it.o(.text.MemManage_Handler)
    NMI_Handler                              0x08004cb9   Thumb Code     2  stm32l4xx_it.o(.text.NMI_Handler)
    Out_SPWM                                 0x08004cbd   Thumb Code    72  spwm.o(.text.Out_SPWM)
    PendSV_Handler                           0x08004d05   Thumb Code     2  stm32l4xx_it.o(.text.PendSV_Handler)
    SVC_Handler                              0x08004e71   Thumb Code     2  stm32l4xx_it.o(.text.SVC_Handler)
    SinWave                                  0x08004e79   Thumb Code   676  spwm.o(.text.SinWave)
    SysTick_Handler                          0x0800511d   Thumb Code     4  stm32l4xx_it.o(.text.SysTick_Handler)
    SystemInit                               0x08005121   Thumb Code    18  system_stm32l4xx.o(.text.SystemInit)
    TIM1_BRK_TIM15_IRQHandler                0x08005135   Thumb Code    30  stm32l4xx_it.o(.text.TIM1_BRK_TIM15_IRQHandler)
    TIM1_CC_IRQHandler                       0x08005155   Thumb Code    12  spwm.o(.text.TIM1_CC_IRQHandler)
    TIM2_IRQHandler                          0x08005161   Thumb Code    12  stm32l4xx_it.o(.text.TIM2_IRQHandler)
    UART_AdvFeatureConfig                    0x08005249   Thumb Code   232  stm32l4xx_hal_uart.o(.text.UART_AdvFeatureConfig)
    UART_SetConfig                           0x08005331   Thumb Code   556  stm32l4xx_hal_uart.o(.text.UART_SetConfig)
    UART_WaitOnFlagUntilTimeout              0x0800556d   Thumb Code   524  stm32l4xx_hal_uart.o(.text.UART_WaitOnFlagUntilTimeout)
    UsageFault_Handler                       0x08005779   Thumb Code     2  stm32l4xx_it.o(.text.UsageFault_Handler)
    Usart1_Printf                            0x0800577d   Thumb Code    64  my_usart.o(.text.Usart1_Printf)
    main                                     0x080057c1   Thumb Code   400  main.o(.text.main)
    _btod_d2e                                0x08005979   Thumb Code    62  btod.o(CL$$btod_d2e)
    _d2e_denorm_low                          0x080059b7   Thumb Code    70  btod.o(CL$$btod_d2e_denorm_low)
    _d2e_norm_op1                            0x080059fd   Thumb Code    96  btod.o(CL$$btod_d2e_norm_op1)
    __btod_div_common                        0x08005a5d   Thumb Code   696  btod.o(CL$$btod_div_common)
    _e2e                                     0x08005d95   Thumb Code   220  btod.o(CL$$btod_e2e)
    _btod_ediv                               0x08005e71   Thumb Code    42  btod.o(CL$$btod_ediv)
    _btod_emul                               0x08005e9b   Thumb Code    42  btod.o(CL$$btod_emul)
    __btod_mult_common                       0x08005ec5   Thumb Code   580  btod.o(CL$$btod_mult_common)
    __ARM_fpclassify                         0x08006109   Thumb Code    48  fpclassify.o(i.__ARM_fpclassify)
    __hardfp_sin                             0x08006139   Thumb Code   180  sin.o(i.__hardfp_sin)
    __ieee754_rem_pio2                       0x08006201   Thumb Code   938  rred.o(i.__ieee754_rem_pio2)
    __kernel_cos                             0x08006641   Thumb Code   322  cos_i.o(i.__kernel_cos)
    __kernel_poly                            0x080067b1   Thumb Code   248  poly.o(i.__kernel_poly)
    __kernel_sin                             0x080068a9   Thumb Code   280  sin_i.o(i.__kernel_sin)
    __mathlib_dbl_infnan                     0x080069f1   Thumb Code    20  dunder.o(i.__mathlib_dbl_infnan)
    __mathlib_dbl_invalid                    0x08006a09   Thumb Code    24  dunder.o(i.__mathlib_dbl_invalid)
    __mathlib_dbl_underflow                  0x08006a29   Thumb Code    24  dunder.o(i.__mathlib_dbl_underflow)
    _is_digit                                0x08006a49   Thumb Code    14  __printf_wp.o(i._is_digit)
    fabs                                     0x08006a57   Thumb Code    24  fabs.o(i.fabs)
    _get_lc_numeric                          0x08006a71   Thumb Code    44  lc_numeric_c.o(locale$$code)
    _get_lc_ctype                            0x08006a9d   Thumb Code    44  lc_ctype_c.o(locale$$code)
    __aeabi_dneg                             0x08006ac9   Thumb Code     0  basic.o(x$fpl$basic)
    _dneg                                    0x08006ac9   Thumb Code     6  basic.o(x$fpl$basic)
    __aeabi_fneg                             0x08006acf   Thumb Code     0  basic.o(x$fpl$basic)
    _fneg                                    0x08006acf   Thumb Code     6  basic.o(x$fpl$basic)
    _dabs                                    0x08006ad5   Thumb Code     6  basic.o(x$fpl$basic)
    _fabs                                    0x08006adb   Thumb Code     6  basic.o(x$fpl$basic)
    __aeabi_d2f                              0x08006ae1   Thumb Code     0  d2f.o(x$fpl$d2f)
    _d2f                                     0x08006ae1   Thumb Code    98  d2f.o(x$fpl$d2f)
    __aeabi_dadd                             0x08006b45   Thumb Code     0  daddsub_clz.o(x$fpl$dadd)
    _dadd                                    0x08006b45   Thumb Code   332  daddsub_clz.o(x$fpl$dadd)
    __aeabi_ddiv                             0x08006c95   Thumb Code     0  ddiv.o(x$fpl$ddiv)
    _ddiv                                    0x08006c95   Thumb Code   556  ddiv.o(x$fpl$ddiv)
    __aeabi_d2iz                             0x08006f49   Thumb Code     0  dfix.o(x$fpl$dfix)
    _dfix                                    0x08006f49   Thumb Code    94  dfix.o(x$fpl$dfix)
    __aeabi_i2d                              0x08006fa7   Thumb Code     0  dflt_clz.o(x$fpl$dflt)
    _dflt                                    0x08006fa7   Thumb Code    46  dflt_clz.o(x$fpl$dflt)
    __aeabi_ui2d                             0x08006fd5   Thumb Code     0  dflt_clz.o(x$fpl$dfltu)
    _dfltu                                   0x08006fd5   Thumb Code    38  dflt_clz.o(x$fpl$dfltu)
    __aeabi_dmul                             0x08006ffd   Thumb Code     0  dmul.o(x$fpl$dmul)
    _dmul                                    0x08006ffd   Thumb Code   332  dmul.o(x$fpl$dmul)
    __fpl_dnaninf                            0x08007151   Thumb Code   156  dnaninf.o(x$fpl$dnaninf)
    __fpl_dretinf                            0x080071ed   Thumb Code    12  dretinf.o(x$fpl$dretinf)
    __aeabi_drsub                            0x080071f9   Thumb Code     0  daddsub_clz.o(x$fpl$drsb)
    _drsb                                    0x080071f9   Thumb Code    22  daddsub_clz.o(x$fpl$drsb)
    __aeabi_dsub                             0x08007211   Thumb Code     0  daddsub_clz.o(x$fpl$dsub)
    _dsub                                    0x08007211   Thumb Code   472  daddsub_clz.o(x$fpl$dsub)
    __aeabi_f2d                              0x080073ed   Thumb Code     0  f2d.o(x$fpl$f2d)
    _f2d                                     0x080073ed   Thumb Code    86  f2d.o(x$fpl$f2d)
    __fpl_fnaninf                            0x08007443   Thumb Code   140  fnaninf.o(x$fpl$fnaninf)
    _fp_init                                 0x080074cf   Thumb Code    26  fpinit.o(x$fpl$fpinit)
    __fplib_config_fpu_vfp                   0x080074e7   Thumb Code     0  fpinit.o(x$fpl$fpinit)
    __fplib_config_pureend_doubles           0x080074e7   Thumb Code     0  fpinit.o(x$fpl$fpinit)
    __fpl_fretinf                            0x080074e9   Thumb Code    10  fretinf.o(x$fpl$fretinf)
    _printf_fp_dec                           0x080074f3   Thumb Code     4  printf1.o(x$fpl$printf1)
    _printf_fp_hex                           0x080074f7   Thumb Code     4  printf2.o(x$fpl$printf2)
    __I$use$fp                               0x080074fa   Number         0  usenofp.o(x$fpl$usenofp)
    AHBPrescTable                            0x08007724   Data          16  system_stm32l4xx.o(.rodata.AHBPrescTable)
    APBPrescTable                            0x08007734   Data           8  system_stm32l4xx.o(.rodata.APBPrescTable)
    MSIRangeTable                            0x0800773c   Data          48  system_stm32l4xx.o(.rodata.MSIRangeTable)
    Region$$Table$$Base                      0x080077ac   Number         0  anon$$obj.o(Region$$Table)
    Region$$Table$$Limit                     0x080077cc   Number         0  anon$$obj.o(Region$$Table)
    __ctype                                  0x080077f5   Data           0  lc_ctype_c.o(locale$$data)
    uwTickFreq                               0x20000000   Data           1  stm32l4xx_hal.o(.data..L_MergedGlobals)
    uwTickPrio                               0x20000004   Data           4  stm32l4xx_hal.o(.data..L_MergedGlobals)
    SystemCoreClock                          0x20000008   Data           4  system_stm32l4xx.o(.data.SystemCoreClock)
    sin_frq                                  0x2000000c   Data           4  main.o(.data.sin_frq)
    __libspace_start                         0x20000010   Data          96  libspace.o(.bss)
    __temporary_stack_top$libspace           0x20000070   Data           0  libspace.o(.bss)
    flag                                     0x20000070   Data           1  spwm.o(.bss..L_MergedGlobals)
    n1_Temp                                  0x20000074   Data           4  spwm.o(.bss..L_MergedGlobals)
    n2_Temp                                  0x20000078   Data           4  spwm.o(.bss..L_MergedGlobals)
    ADC0                                     0x2000007c   Data           4  main.o(.bss..L_MergedGlobals)
    V0                                       0x20000080   Data           4  main.o(.bss..L_MergedGlobals)
    I0                                       0x20000084   Data           4  main.o(.bss..L_MergedGlobals)
    aADCxConvertedData                       0x20000088   Data           8  main.o(.bss..L_MergedGlobals)
    Capture1                                 0x20000090   Data           4  tim.o(.bss..L_MergedGlobals)
    Freq_Capture                             0x20000094   Data           4  tim.o(.bss..L_MergedGlobals)
    htim2                                    0x20000098   Data          76  tim.o(.bss..L_MergedGlobals)
    PWM_Duty                                 0x200000e4   Data           4  tim.o(.bss.PWM_Duty)
    SinWave_Tab                              0x200000e8   Data        2400  spwm.o(.bss.SinWave_Tab)
    hadc1                                    0x20000bd8   Data         100  adc.o(.bss.hadc1)
    hspi2                                    0x20000c3c   Data         100  spi.o(.bss.hspi2)
    htim1                                    0x20000ca0   Data          76  tim.o(.bss.htim1)
    htim15                                   0x20000cec   Data          76  tim.o(.bss.htim15)
    huart1                                   0x20000d38   Data         132  usart.o(.bss.huart1)
    uwTick                                   0x20000dbc   Data           4  stm32l4xx_hal.o(.bss.uwTick)



==============================================================================

Memory Map of the image

  Image Entry point : 0x0800018d

  Load Region LR_IROM1 (Base: 0x08000000, Size: 0x00007908, Max: 0x00040000, ABSOLUTE)

    Execution Region ER_IROM1 (Exec base: 0x08000000, Load base: 0x08000000, Size: 0x000078f8, Max: 0x00040000, ABSOLUTE)

    Exec Addr    Load Addr    Size         Type   Attr      Idx    E Section Name        Object

    0x08000000   0x08000000   0x0000018c   Data   RO            3    RESET               startup_stm32l431xx.o
    0x0800018c   0x0800018c   0x00000008   Code   RO         1860  * !!!main             c_w.l(__main.o)
    0x08000194   0x08000194   0x00000034   Code   RO         2307    !!!scatter          c_w.l(__scatter.o)
    0x080001c8   0x080001c8   0x0000001a   Code   RO         2309    !!handler_copy      c_w.l(__scatter_copy.o)
    0x080001e2   0x080001e2   0x00000002   PAD
    0x080001e4   0x080001e4   0x0000001c   Code   RO         2311    !!handler_zi        c_w.l(__scatter_zi.o)
    0x08000200   0x08000200   0x00000000   Code   RO         1992    .ARM.Collect$$_printf_percent$$00000000  c_w.l(_printf_percent.o)
    0x08000200   0x08000200   0x00000006   Code   RO         1981    .ARM.Collect$$_printf_percent$$00000001  c_w.l(_printf_n.o)
    0x08000206   0x08000206   0x00000006   Code   RO         1983    .ARM.Collect$$_printf_percent$$00000002  c_w.l(_printf_p.o)
    0x0800020c   0x0800020c   0x00000006   Code   RO         1988    .ARM.Collect$$_printf_percent$$00000003  c_w.l(_printf_f.o)
    0x08000212   0x08000212   0x00000006   Code   RO         1989    .ARM.Collect$$_printf_percent$$00000004  c_w.l(_printf_e.o)
    0x08000218   0x08000218   0x00000006   Code   RO         1990    .ARM.Collect$$_printf_percent$$00000005  c_w.l(_printf_g.o)
    0x0800021e   0x0800021e   0x00000006   Code   RO         1991    .ARM.Collect$$_printf_percent$$00000006  c_w.l(_printf_a.o)
    0x08000224   0x08000224   0x0000000a   Code   RO         1996    .ARM.Collect$$_printf_percent$$00000007  c_w.l(_printf_ll.o)
    0x0800022e   0x0800022e   0x00000006   Code   RO         1985    .ARM.Collect$$_printf_percent$$00000008  c_w.l(_printf_i.o)
    0x08000234   0x08000234   0x00000006   Code   RO         1986    .ARM.Collect$$_printf_percent$$00000009  c_w.l(_printf_d.o)
    0x0800023a   0x0800023a   0x00000006   Code   RO         1987    .ARM.Collect$$_printf_percent$$0000000A  c_w.l(_printf_u.o)
    0x08000240   0x08000240   0x00000006   Code   RO         1984    .ARM.Collect$$_printf_percent$$0000000B  c_w.l(_printf_o.o)
    0x08000246   0x08000246   0x00000006   Code   RO         1982    .ARM.Collect$$_printf_percent$$0000000C  c_w.l(_printf_x.o)
    0x0800024c   0x0800024c   0x00000006   Code   RO         1993    .ARM.Collect$$_printf_percent$$0000000D  c_w.l(_printf_lli.o)
    0x08000252   0x08000252   0x00000006   Code   RO         1994    .ARM.Collect$$_printf_percent$$0000000E  c_w.l(_printf_lld.o)
    0x08000258   0x08000258   0x00000006   Code   RO         1995    .ARM.Collect$$_printf_percent$$0000000F  c_w.l(_printf_llu.o)
    0x0800025e   0x0800025e   0x00000006   Code   RO         2000    .ARM.Collect$$_printf_percent$$00000010  c_w.l(_printf_llo.o)
    0x08000264   0x08000264   0x00000006   Code   RO         2001    .ARM.Collect$$_printf_percent$$00000011  c_w.l(_printf_llx.o)
    0x0800026a   0x0800026a   0x0000000a   Code   RO         1997    .ARM.Collect$$_printf_percent$$00000012  c_w.l(_printf_l.o)
    0x08000274   0x08000274   0x00000006   Code   RO         1979    .ARM.Collect$$_printf_percent$$00000013  c_w.l(_printf_c.o)
    0x0800027a   0x0800027a   0x00000006   Code   RO         1980    .ARM.Collect$$_printf_percent$$00000014  c_w.l(_printf_s.o)
    0x08000280   0x08000280   0x00000006   Code   RO         1998    .ARM.Collect$$_printf_percent$$00000015  c_w.l(_printf_lc.o)
    0x08000286   0x08000286   0x00000006   Code   RO         1999    .ARM.Collect$$_printf_percent$$00000016  c_w.l(_printf_ls.o)
    0x0800028c   0x0800028c   0x00000004   Code   RO         2093    .ARM.Collect$$_printf_percent$$00000017  c_w.l(_printf_percent_end.o)
    0x08000290   0x08000290   0x00000002   Code   RO         2163    .ARM.Collect$$libinit$$00000000  c_w.l(libinit.o)
    0x08000292   0x08000292   0x00000004   Code   RO         2181    .ARM.Collect$$libinit$$00000001  c_w.l(libinit2.o)
    0x08000296   0x08000296   0x00000000   Code   RO         2184    .ARM.Collect$$libinit$$00000004  c_w.l(libinit2.o)
    0x08000296   0x08000296   0x00000000   Code   RO         2187    .ARM.Collect$$libinit$$0000000A  c_w.l(libinit2.o)
    0x08000296   0x08000296   0x00000000   Code   RO         2189    .ARM.Collect$$libinit$$0000000C  c_w.l(libinit2.o)
    0x08000296   0x08000296   0x00000000   Code   RO         2191    .ARM.Collect$$libinit$$0000000E  c_w.l(libinit2.o)
    0x08000296   0x08000296   0x00000006   Code   RO         2192    .ARM.Collect$$libinit$$0000000F  c_w.l(libinit2.o)
    0x0800029c   0x0800029c   0x00000000   Code   RO         2194    .ARM.Collect$$libinit$$00000011  c_w.l(libinit2.o)
    0x0800029c   0x0800029c   0x0000000c   Code   RO         2195    .ARM.Collect$$libinit$$00000012  c_w.l(libinit2.o)
    0x080002a8   0x080002a8   0x00000000   Code   RO         2196    .ARM.Collect$$libinit$$00000013  c_w.l(libinit2.o)
    0x080002a8   0x080002a8   0x00000000   Code   RO         2198    .ARM.Collect$$libinit$$00000015  c_w.l(libinit2.o)
    0x080002a8   0x080002a8   0x0000000a   Code   RO         2199    .ARM.Collect$$libinit$$00000016  c_w.l(libinit2.o)
    0x080002b2   0x080002b2   0x00000000   Code   RO         2200    .ARM.Collect$$libinit$$00000017  c_w.l(libinit2.o)
    0x080002b2   0x080002b2   0x00000000   Code   RO         2202    .ARM.Collect$$libinit$$00000019  c_w.l(libinit2.o)
    0x080002b2   0x080002b2   0x00000000   Code   RO         2204    .ARM.Collect$$libinit$$0000001B  c_w.l(libinit2.o)
    0x080002b2   0x080002b2   0x00000000   Code   RO         2206    .ARM.Collect$$libinit$$0000001D  c_w.l(libinit2.o)
    0x080002b2   0x080002b2   0x00000000   Code   RO         2208    .ARM.Collect$$libinit$$0000001F  c_w.l(libinit2.o)
    0x080002b2   0x080002b2   0x00000000   Code   RO         2210    .ARM.Collect$$libinit$$00000021  c_w.l(libinit2.o)
    0x080002b2   0x080002b2   0x00000000   Code   RO         2212    .ARM.Collect$$libinit$$00000023  c_w.l(libinit2.o)
    0x080002b2   0x080002b2   0x00000000   Code   RO         2214    .ARM.Collect$$libinit$$00000025  c_w.l(libinit2.o)
    0x080002b2   0x080002b2   0x00000000   Code   RO         2218    .ARM.Collect$$libinit$$0000002C  c_w.l(libinit2.o)
    0x080002b2   0x080002b2   0x00000000   Code   RO         2220    .ARM.Collect$$libinit$$0000002E  c_w.l(libinit2.o)
    0x080002b2   0x080002b2   0x00000000   Code   RO         2222    .ARM.Collect$$libinit$$00000030  c_w.l(libinit2.o)
    0x080002b2   0x080002b2   0x00000000   Code   RO         2224    .ARM.Collect$$libinit$$00000032  c_w.l(libinit2.o)
    0x080002b2   0x080002b2   0x00000002   Code   RO         2225    .ARM.Collect$$libinit$$00000033  c_w.l(libinit2.o)
    0x080002b4   0x080002b4   0x00000002   Code   RO         2262    .ARM.Collect$$libshutdown$$00000000  c_w.l(libshutdown.o)
    0x080002b6   0x080002b6   0x00000000   Code   RO         2290    .ARM.Collect$$libshutdown$$00000002  c_w.l(libshutdown2.o)
    0x080002b6   0x080002b6   0x00000000   Code   RO         2292    .ARM.Collect$$libshutdown$$00000004  c_w.l(libshutdown2.o)
    0x080002b6   0x080002b6   0x00000000   Code   RO         2295    .ARM.Collect$$libshutdown$$00000007  c_w.l(libshutdown2.o)
    0x080002b6   0x080002b6   0x00000000   Code   RO         2298    .ARM.Collect$$libshutdown$$0000000A  c_w.l(libshutdown2.o)
    0x080002b6   0x080002b6   0x00000000   Code   RO         2300    .ARM.Collect$$libshutdown$$0000000C  c_w.l(libshutdown2.o)
    0x080002b6   0x080002b6   0x00000000   Code   RO         2303    .ARM.Collect$$libshutdown$$0000000F  c_w.l(libshutdown2.o)
    0x080002b6   0x080002b6   0x00000002   Code   RO         2304    .ARM.Collect$$libshutdown$$00000010  c_w.l(libshutdown2.o)
    0x080002b8   0x080002b8   0x00000000   Code   RO         1902    .ARM.Collect$$rtentry$$00000000  c_w.l(__rtentry.o)
    0x080002b8   0x080002b8   0x00000000   Code   RO         2055    .ARM.Collect$$rtentry$$00000002  c_w.l(__rtentry2.o)
    0x080002b8   0x080002b8   0x00000006   Code   RO         2067    .ARM.Collect$$rtentry$$00000004  c_w.l(__rtentry4.o)
    0x080002be   0x080002be   0x00000000   Code   RO         2057    .ARM.Collect$$rtentry$$00000009  c_w.l(__rtentry2.o)
    0x080002be   0x080002be   0x00000004   Code   RO         2058    .ARM.Collect$$rtentry$$0000000A  c_w.l(__rtentry2.o)
    0x080002c2   0x080002c2   0x00000000   Code   RO         2060    .ARM.Collect$$rtentry$$0000000C  c_w.l(__rtentry2.o)
    0x080002c2   0x080002c2   0x00000008   Code   RO         2061    .ARM.Collect$$rtentry$$0000000D  c_w.l(__rtentry2.o)
    0x080002ca   0x080002ca   0x00000002   Code   RO         2166    .ARM.Collect$$rtexit$$00000000  c_w.l(rtexit.o)
    0x080002cc   0x080002cc   0x00000000   Code   RO         2231    .ARM.Collect$$rtexit$$00000002  c_w.l(rtexit2.o)
    0x080002cc   0x080002cc   0x00000004   Code   RO         2232    .ARM.Collect$$rtexit$$00000003  c_w.l(rtexit2.o)
    0x080002d0   0x080002d0   0x00000006   Code   RO         2233    .ARM.Collect$$rtexit$$00000004  c_w.l(rtexit2.o)
    0x080002d6   0x080002d6   0x00000002   PAD
    0x080002d8   0x080002d8   0x00000040   Code   RO            4    .text               startup_stm32l431xx.o
    0x08000318   0x08000318   0x000000f0   Code   RO         1850    .text               c_w.l(lludivv7m.o)
    0x08000408   0x08000408   0x00000034   Code   RO         1852    .text               c_w.l(vsnprintf.o)
    0x0800043c   0x0800043c   0x0000004e   Code   RO         1856    .text               c_w.l(rt_memclr_w.o)
    0x0800048a   0x0800048a   0x00000006   Code   RO         1858    .text               c_w.l(heapauxi.o)
    0x08000490   0x08000490   0x00000016   Code   RO         1907    .text               c_w.l(_rserrno.o)
    0x080004a6   0x080004a6   0x0000004e   Code   RO         1911    .text               c_w.l(_printf_pad.o)
    0x080004f4   0x080004f4   0x00000024   Code   RO         1913    .text               c_w.l(_printf_truncate.o)
    0x08000518   0x08000518   0x00000052   Code   RO         1915    .text               c_w.l(_printf_str.o)
    0x0800056a   0x0800056a   0x00000002   PAD
    0x0800056c   0x0800056c   0x00000078   Code   RO         1917    .text               c_w.l(_printf_dec.o)
    0x080005e4   0x080005e4   0x00000028   Code   RO         1919    .text               c_w.l(_printf_charcount.o)
    0x0800060c   0x0800060c   0x00000030   Code   RO         1921    .text               c_w.l(_printf_char_common.o)
    0x0800063c   0x0800063c   0x0000000a   Code   RO         1923    .text               c_w.l(_sputc.o)
    0x08000646   0x08000646   0x00000010   Code   RO         1925    .text               c_w.l(_snputc.o)
    0x08000656   0x08000656   0x00000002   PAD
    0x08000658   0x08000658   0x000000c2   Code   RO         1927    .text               c_w.l(_printf_wctomb.o)
    0x0800071a   0x0800071a   0x00000002   PAD
    0x0800071c   0x0800071c   0x0000007c   Code   RO         1930    .text               c_w.l(_printf_longlong_dec.o)
    0x08000798   0x08000798   0x00000070   Code   RO         1936    .text               c_w.l(_printf_oct_int_ll.o)
    0x08000808   0x08000808   0x00000094   Code   RO         1956    .text               c_w.l(_printf_hex_int_ll_ptr.o)
    0x0800089c   0x0800089c   0x0000018e   Code   RO         1976    .text               c_w.l(__printf_flags_ss_wp.o)
    0x08000a2a   0x08000a2a   0x00000002   PAD
    0x08000a2c   0x08000a2c   0x00000008   Code   RO         2074    .text               c_w.l(rt_errno_addr_intlibspace.o)
    0x08000a34   0x08000a34   0x0000008a   Code   RO         2076    .text               c_w.l(lludiv10.o)
    0x08000abe   0x08000abe   0x000000b2   Code   RO         2078    .text               c_w.l(_printf_intcommon.o)
    0x08000b70   0x08000b70   0x00000422   Code   RO         2080    .text               c_w.l(_printf_fp_dec.o)
    0x08000f92   0x08000f92   0x00000002   PAD
    0x08000f94   0x08000f94   0x00000302   Code   RO         2084    .text               c_w.l(_printf_fp_hex.o)
    0x08001296   0x08001296   0x0000002c   Code   RO         2089    .text               c_w.l(_printf_char.o)
    0x080012c2   0x080012c2   0x0000002c   Code   RO         2091    .text               c_w.l(_printf_wchar.o)
    0x080012ee   0x080012ee   0x00000048   Code   RO         2094    .text               c_w.l(_c16rtomb.o)
    0x08001336   0x08001336   0x00000002   PAD
    0x08001338   0x08001338   0x00000008   Code   RO         2108    .text               c_w.l(libspace.o)
    0x08001340   0x08001340   0x0000004a   Code   RO         2111    .text               c_w.l(sys_stackheap_outer.o)
    0x0800138a   0x0800138a   0x00000002   PAD
    0x0800138c   0x0800138c   0x00000010   Code   RO         2113    .text               c_w.l(rt_ctype_table.o)
    0x0800139c   0x0800139c   0x00000008   Code   RO         2118    .text               c_w.l(rt_locale_intlibspace.o)
    0x080013a4   0x080013a4   0x00000080   Code   RO         2120    .text               c_w.l(_printf_fp_infnan.o)
    0x08001424   0x08001424   0x000000e4   Code   RO         2122    .text               c_w.l(bigflt0.o)
    0x08001508   0x08001508   0x00000012   Code   RO         2152    .text               c_w.l(exit.o)
    0x0800151a   0x0800151a   0x00000006   PAD
    0x08001520   0x08001520   0x0000007c   Code   RO         2179    .text               c_w.l(strcmpv7em.o)
    0x0800159c   0x0800159c   0x0000000c   Code   RO         2226    .text               c_w.l(sys_exit.o)
    0x080015a8   0x080015a8   0x00000002   Code   RO         2251    .text               c_w.l(use_no_semi.o)
    0x080015aa   0x080015aa   0x00000000   Code   RO         2253    .text               c_w.l(indicate_semi.o)
    0x080015aa   0x080015aa   0x00000002   PAD
    0x080015ac   0x080015ac   0x0000007a   Code   RO          380    .text.ADC_DMAConvCplt  stm32l4xx_hal_adc.o
    0x08001626   0x08001626   0x00000002   PAD
    0x08001628   0x08001628   0x00000016   Code   RO          384    .text.ADC_DMAError  stm32l4xx_hal_adc.o
    0x0800163e   0x0800163e   0x00000002   PAD
    0x08001640   0x08001640   0x00000006   Code   RO          382    .text.ADC_DMAHalfConvCplt  stm32l4xx_hal_adc.o
    0x08001646   0x08001646   0x00000002   PAD
    0x08001648   0x08001648   0x000000fe   Code   RO          366    .text.ADC_Enable    stm32l4xx_hal_adc.o
    0x08001746   0x08001746   0x00000002   PAD
    0x08001748   0x08001748   0x00000002   Code   RO          319    .text.BusFault_Handler  stm32l4xx_it.o
    0x0800174a   0x0800174a   0x00000002   PAD
    0x0800174c   0x0800174c   0x00000002   Code   RO          325    .text.DebugMon_Handler  stm32l4xx_it.o
    0x0800174e   0x0800174e   0x00000002   PAD
    0x08001750   0x08001750   0x00000008   Code   RO          331    .text.EXTI9_5_IRQHandler  stm32l4xx_it.o
    0x08001758   0x08001758   0x0000000a   Code   RO          214    .text.Error_Handler  main.o
    0x08001762   0x08001762   0x00000002   PAD
    0x08001764   0x08001764   0x00000002   Code   RO           69    .text.First_order_lag_filtering  filter.o
    0x08001766   0x08001766   0x00000002   PAD
    0x08001768   0x08001768   0x0000036c   Code   RO          400    .text.HAL_ADC_ConfigChannel  stm32l4xx_hal_adc.o
    0x08001ad4   0x08001ad4   0x00000002   Code   RO          392    .text.HAL_ADC_ConvCpltCallback  stm32l4xx_hal_adc.o
    0x08001ad6   0x08001ad6   0x00000002   PAD
    0x08001ad8   0x08001ad8   0x00000002   Code   RO          398    .text.HAL_ADC_ConvHalfCpltCallback  stm32l4xx_hal_adc.o
    0x08001ada   0x08001ada   0x00000002   PAD
    0x08001adc   0x08001adc   0x00000002   Code   RO          396    .text.HAL_ADC_ErrorCallback  stm32l4xx_hal_adc.o
    0x08001ade   0x08001ade   0x00000002   PAD
    0x08001ae0   0x08001ae0   0x000001fc   Code   RO          352    .text.HAL_ADC_Init  stm32l4xx_hal_adc.o
    0x08001cdc   0x08001cdc   0x000000ac   Code   RO          238    .text.HAL_ADC_MspInit  adc.o
    0x08001d88   0x08001d88   0x000000b4   Code   RO          378    .text.HAL_ADC_Start_DMA  stm32l4xx_hal_adc.o
    0x08001e3c   0x08001e3c   0x000000a4   Code   RO          904    .text.HAL_DMA_Start_IT  stm32l4xx_hal_dma.o
    0x08001ee0   0x08001ee0   0x00000016   Code   RO          177    .text.HAL_GPIO_EXTI_Callback  spwm.o
    0x08001ef6   0x08001ef6   0x00000002   PAD
    0x08001ef8   0x08001ef8   0x00000016   Code   RO          886    .text.HAL_GPIO_EXTI_IRQHandler  stm32l4xx_hal_gpio.o
    0x08001f0e   0x08001f0e   0x00000002   PAD
    0x08001f10   0x08001f10   0x000001e0   Code   RO          874    .text.HAL_GPIO_Init  stm32l4xx_hal_gpio.o
    0x080020f0   0x080020f0   0x0000000c   Code   RO          481    .text.HAL_GetTick   stm32l4xx_hal.o
    0x080020fc   0x080020fc   0x0000001a   Code   RO          479    .text.HAL_IncTick   stm32l4xx_hal.o
    0x08002116   0x08002116   0x00000002   PAD
    0x08002118   0x08002118   0x0000001e   Code   RO          469    .text.HAL_Init      stm32l4xx_hal.o
    0x08002136   0x08002136   0x00000002   PAD
    0x08002138   0x08002138   0x0000004e   Code   RO          471    .text.HAL_InitTick  stm32l4xx_hal.o
    0x08002186   0x08002186   0x00000002   PAD
    0x08002188   0x08002188   0x00000032   Code   RO          344    .text.HAL_MspInit   stm32l4xx_hal_msp.o
    0x080021ba   0x080021ba   0x00000002   PAD
    0x080021bc   0x080021bc   0x00000020   Code   RO         1041    .text.HAL_NVIC_EnableIRQ  stm32l4xx_hal_cortex.o
    0x080021dc   0x080021dc   0x00000056   Code   RO         1039    .text.HAL_NVIC_SetPriority  stm32l4xx_hal_cortex.o
    0x08002232   0x08002232   0x00000002   PAD
    0x08002234   0x08002234   0x00000020   Code   RO         1037    .text.HAL_NVIC_SetPriorityGrouping  stm32l4xx_hal_cortex.o
    0x08002254   0x08002254   0x00000098   Code   RO          973    .text.HAL_PWREx_ControlVoltageScaling  stm32l4xx_hal_pwr_ex.o
    0x080022ec   0x080022ec   0x00000010   Code   RO          971    .text.HAL_PWREx_GetVoltageRange  stm32l4xx_hal_pwr_ex.o
    0x080022fc   0x080022fc   0x000002b0   Code   RO          750    .text.HAL_RCCEx_PeriphCLKConfig  stm32l4xx_hal_rcc_ex.o
    0x080025ac   0x080025ac   0x0000027a   Code   RO          720    .text.HAL_RCC_ClockConfig  stm32l4xx_hal_rcc.o
    0x08002826   0x08002826   0x00000002   PAD
    0x08002828   0x08002828   0x0000002a   Code   RO          726    .text.HAL_RCC_GetPCLK1Freq  stm32l4xx_hal_rcc.o
    0x08002852   0x08002852   0x00000002   PAD
    0x08002854   0x08002854   0x0000002a   Code   RO          728    .text.HAL_RCC_GetPCLK2Freq  stm32l4xx_hal_rcc.o
    0x0800287e   0x0800287e   0x00000002   PAD
    0x08002880   0x08002880   0x000000c2   Code   RO          718    .text.HAL_RCC_GetSysClockFreq  stm32l4xx_hal_rcc.o
    0x08002942   0x08002942   0x00000002   PAD
    0x08002944   0x08002944   0x000007d0   Code   RO          716    .text.HAL_RCC_OscConfig  stm32l4xx_hal_rcc.o
    0x08003114   0x08003114   0x000000dc   Code   RO         1109    .text.HAL_SPI_Init  stm32l4xx_hal_spi.o
    0x080031f0   0x080031f0   0x0000006c   Code   RO          253    .text.HAL_SPI_MspInit  spi.o
    0x0800325c   0x0800325c   0x0000002c   Code   RO         1049    .text.HAL_SYSTICK_Config  stm32l4xx_hal_cortex.o
    0x08003288   0x08003288   0x00000002   Code   RO         1539    .text.HAL_TIMEx_Break2Callback  stm32l4xx_hal_tim_ex.o
    0x0800328a   0x0800328a   0x00000002   PAD
    0x0800328c   0x0800328c   0x00000002   Code   RO         1537    .text.HAL_TIMEx_BreakCallback  stm32l4xx_hal_tim_ex.o
    0x0800328e   0x0800328e   0x00000002   PAD
    0x08003290   0x08003290   0x00000002   Code   RO         1533    .text.HAL_TIMEx_CommutCallback  stm32l4xx_hal_tim_ex.o
    0x08003292   0x08003292   0x00000002   PAD
    0x08003294   0x08003294   0x00000098   Code   RO         1525    .text.HAL_TIMEx_ConfigBreakDeadTime  stm32l4xx_hal_tim_ex.o
    0x0800332c   0x0800332c   0x00000068   Code   RO         1523    .text.HAL_TIMEx_MasterConfigSynchronization  stm32l4xx_hal_tim_ex.o
    0x08003394   0x08003394   0x000000c4   Code   RO         1493    .text.HAL_TIMEx_PWMN_Start  stm32l4xx_hal_tim_ex.o
    0x08003458   0x08003458   0x000000e2   Code   RO         1228    .text.HAL_TIM_Base_Init  stm32l4xx_hal_tim.o
    0x0800353a   0x0800353a   0x00000002   PAD
    0x0800353c   0x0800353c   0x00000046   Code   RO          274    .text.HAL_TIM_Base_MspInit  tim.o
    0x08003582   0x08003582   0x00000002   PAD
    0x08003584   0x08003584   0x0000019c   Code   RO         1408    .text.HAL_TIM_ConfigClockSource  stm32l4xx_hal_tim.o
    0x08003720   0x08003720   0x00000060   Code   RO          282    .text.HAL_TIM_IC_CaptureCallback  tim.o
    0x08003780   0x08003780   0x00000166   Code   RO         1378    .text.HAL_TIM_IC_ConfigChannel  stm32l4xx_hal_tim.o
    0x080038e6   0x080038e6   0x00000002   PAD
    0x080038e8   0x080038e8   0x000000e2   Code   RO         1302    .text.HAL_TIM_IC_Init  stm32l4xx_hal_tim.o
    0x080039ca   0x080039ca   0x00000002   PAD
    0x080039cc   0x080039cc   0x000000b8   Code   RO          276    .text.HAL_TIM_IC_MspInit  tim.o
    0x08003a84   0x08003a84   0x000001be   Code   RO         1314    .text.HAL_TIM_IC_Start_IT  stm32l4xx_hal_tim.o
    0x08003c42   0x08003c42   0x00000002   PAD
    0x08003c44   0x08003c44   0x0000018c   Code   RO         1362    .text.HAL_TIM_IRQHandler  stm32l4xx_hal_tim.o
    0x08003dd0   0x08003dd0   0x00000096   Code   RO          268    .text.HAL_TIM_MspPostInit  tim.o
    0x08003e66   0x08003e66   0x00000002   PAD
    0x08003e68   0x08003e68   0x00000002   Code   RO         1366    .text.HAL_TIM_OC_DelayElapsedCallback  stm32l4xx_hal_tim.o
    0x08003e6a   0x08003e6a   0x00000002   PAD
    0x08003e6c   0x08003e6c   0x000003a8   Code   RO         1382    .text.HAL_TIM_PWM_ConfigChannel  stm32l4xx_hal_tim.o
    0x08004214   0x08004214   0x000000e2   Code   RO         1282    .text.HAL_TIM_PWM_Init  stm32l4xx_hal_tim.o
    0x080042f6   0x080042f6   0x00000002   PAD
    0x080042f8   0x080042f8   0x00000002   Code   RO         1284    .text.HAL_TIM_PWM_MspInit  stm32l4xx_hal_tim.o
    0x080042fa   0x080042fa   0x00000002   PAD
    0x080042fc   0x080042fc   0x00000078   Code   RO          179    .text.HAL_TIM_PWM_PulseFinishedCallback  spwm.o
    0x08004374   0x08004374   0x0000018e   Code   RO         1294    .text.HAL_TIM_PWM_Start_IT  stm32l4xx_hal_tim.o
    0x08004502   0x08004502   0x00000002   PAD
    0x08004504   0x08004504   0x00000002   Code   RO         1370    .text.HAL_TIM_PeriodElapsedCallback  stm32l4xx_hal_tim.o
    0x08004506   0x08004506   0x00000002   PAD
    0x08004508   0x08004508   0x00000034   Code   RO         1418    .text.HAL_TIM_ReadCapturedValue  stm32l4xx_hal_tim.o
    0x0800453c   0x0800453c   0x00000058   Code   RO         1412    .text.HAL_TIM_SlaveConfigSynchro  stm32l4xx_hal_tim.o
    0x08004594   0x08004594   0x00000002   Code   RO         1372    .text.HAL_TIM_TriggerCallback  stm32l4xx_hal_tim.o
    0x08004596   0x08004596   0x00000002   PAD
    0x08004598   0x08004598   0x000000c2   Code   RO         1553    .text.HAL_UART_Init  stm32l4xx_hal_uart.o
    0x0800465a   0x0800465a   0x00000002   PAD
    0x0800465c   0x0800465c   0x000000cc   Code   RO          300    .text.HAL_UART_MspInit  usart.o
    0x08004728   0x08004728   0x000000d8   Code   RO         1573    .text.HAL_UART_Transmit  stm32l4xx_hal_uart.o
    0x08004800   0x08004800   0x00000002   Code   RO          315    .text.HardFault_Handler  stm32l4xx_it.o
    0x08004802   0x08004802   0x00000002   PAD
    0x08004804   0x08004804   0x000000e4   Code   RO          236    .text.MX_ADC1_Init  adc.o
    0x080048e8   0x080048e8   0x0000008c   Code   RO          228    .text.MX_GPIO_Init  gpio.o
    0x08004974   0x08004974   0x0000004c   Code   RO          251    .text.MX_SPI2_Init  spi.o
    0x080049c0   0x080049c0   0x000000ce   Code   RO          272    .text.MX_TIM15_Init  tim.o
    0x08004a8e   0x08004a8e   0x00000002   PAD
    0x08004a90   0x08004a90   0x0000012a   Code   RO          266    .text.MX_TIM1_Init  tim.o
    0x08004bba   0x08004bba   0x00000002   PAD
    0x08004bbc   0x08004bbc   0x000000b8   Code   RO          270    .text.MX_TIM2_Init  tim.o
    0x08004c74   0x08004c74   0x00000040   Code   RO          298    .text.MX_USART1_UART_Init  usart.o
    0x08004cb4   0x08004cb4   0x00000002   Code   RO          317    .text.MemManage_Handler  stm32l4xx_it.o
    0x08004cb6   0x08004cb6   0x00000002   PAD
    0x08004cb8   0x08004cb8   0x00000002   Code   RO          313    .text.NMI_Handler   stm32l4xx_it.o
    0x08004cba   0x08004cba   0x00000002   PAD
    0x08004cbc   0x08004cbc   0x00000048   Code   RO          173    .text.Out_SPWM      spwm.o
    0x08004d04   0x08004d04   0x00000002   Code   RO          327    .text.PendSV_Handler  stm32l4xx_it.o
    0x08004d06   0x08004d06   0x00000002   PAD
    0x08004d08   0x08004d08   0x00000166   Code   RO          752    .text.RCCEx_PLLSAI1_Config  stm32l4xx_hal_rcc_ex.o
    0x08004e6e   0x08004e6e   0x00000002   PAD
    0x08004e70   0x08004e70   0x00000002   Code   RO          323    .text.SVC_Handler   stm32l4xx_it.o
    0x08004e72   0x08004e72   0x00000006   PAD
    0x08004e78   0x08004e78   0x000002a4   Code   RO          171    .text.SinWave       spwm.o
    0x0800511c   0x0800511c   0x00000004   Code   RO          329    .text.SysTick_Handler  stm32l4xx_it.o
    0x08005120   0x08005120   0x00000012   Code   RO         1718    .text.SystemInit    system_stm32l4xx.o
    0x08005132   0x08005132   0x00000002   PAD
    0x08005134   0x08005134   0x0000001e   Code   RO          333    .text.TIM1_BRK_TIM15_IRQHandler  stm32l4xx_it.o
    0x08005152   0x08005152   0x00000002   PAD
    0x08005154   0x08005154   0x0000000c   Code   RO          181    .text.TIM1_CC_IRQHandler  spwm.o
    0x08005160   0x08005160   0x0000000c   Code   RO          335    .text.TIM2_IRQHandler  stm32l4xx_it.o
    0x0800516c   0x0800516c   0x000000da   Code   RO         1414    .text.TIM_SlaveTimer_SetConfig  stm32l4xx_hal_tim.o
    0x08005246   0x08005246   0x00000002   PAD
    0x08005248   0x08005248   0x000000e8   Code   RO         1559    .text.UART_AdvFeatureConfig  stm32l4xx_hal_uart.o
    0x08005330   0x08005330   0x0000023c   Code   RO         1557    .text.UART_SetConfig  stm32l4xx_hal_uart.o
    0x0800556c   0x0800556c   0x0000020c   Code   RO         1575    .text.UART_WaitOnFlagUntilTimeout  stm32l4xx_hal_uart.o
    0x08005778   0x08005778   0x00000002   Code   RO          321    .text.UsageFault_Handler  stm32l4xx_it.o
    0x0800577a   0x0800577a   0x00000002   PAD
    0x0800577c   0x0800577c   0x00000040   Code   RO          193    .text.Usart1_Printf  my_usart.o
    0x080057bc   0x080057bc   0x00000004   PAD
    0x080057c0   0x080057c0   0x000001b8   Code   RO          210    .text.main          main.o
    0x08005978   0x08005978   0x0000003e   Code   RO         2125    CL$$btod_d2e        c_w.l(btod.o)
    0x080059b6   0x080059b6   0x00000046   Code   RO         2127    CL$$btod_d2e_denorm_low  c_w.l(btod.o)
    0x080059fc   0x080059fc   0x00000060   Code   RO         2126    CL$$btod_d2e_norm_op1  c_w.l(btod.o)
    0x08005a5c   0x08005a5c   0x00000338   Code   RO         2135    CL$$btod_div_common  c_w.l(btod.o)
    0x08005d94   0x08005d94   0x000000dc   Code   RO         2132    CL$$btod_e2e        c_w.l(btod.o)
    0x08005e70   0x08005e70   0x0000002a   Code   RO         2129    CL$$btod_ediv       c_w.l(btod.o)
    0x08005e9a   0x08005e9a   0x0000002a   Code   RO         2128    CL$$btod_emul       c_w.l(btod.o)
    0x08005ec4   0x08005ec4   0x00000244   Code   RO         2134    CL$$btod_mult_common  c_w.l(btod.o)
    0x08006108   0x08006108   0x00000030   Code   RO         2104    i.__ARM_fpclassify  m_wm.l(fpclassify.o)
    0x08006138   0x08006138   0x000000c8   Code   RO         1890    i.__hardfp_sin      m_wm.l(sin.o)
    0x08006200   0x08006200   0x0000043e   Code   RO         2046    i.__ieee754_rem_pio2  m_wm.l(rred.o)
    0x0800663e   0x0800663e   0x00000002   PAD
    0x08006640   0x08006640   0x00000170   Code   RO         2029    i.__kernel_cos      m_wm.l(cos_i.o)
    0x080067b0   0x080067b0   0x000000f8   Code   RO         2106    i.__kernel_poly     m_wm.l(poly.o)
    0x080068a8   0x080068a8   0x00000148   Code   RO         2051    i.__kernel_sin      m_wm.l(sin_i.o)
    0x080069f0   0x080069f0   0x00000014   Code   RO         2033    i.__mathlib_dbl_infnan  m_wm.l(dunder.o)
    0x08006a04   0x08006a04   0x00000004   PAD
    0x08006a08   0x08006a08   0x00000020   Code   RO         2035    i.__mathlib_dbl_invalid  m_wm.l(dunder.o)
    0x08006a28   0x08006a28   0x00000020   Code   RO         2038    i.__mathlib_dbl_underflow  m_wm.l(dunder.o)
    0x08006a48   0x08006a48   0x0000000e   Code   RO         1969    i._is_digit         c_w.l(__printf_wp.o)
    0x08006a56   0x08006a56   0x00000018   Code   RO         2100    i.fabs              m_wm.l(fabs.o)
    0x08006a6e   0x08006a6e   0x00000002   PAD
    0x08006a70   0x08006a70   0x0000002c   Code   RO         2150    locale$$code        c_w.l(lc_numeric_c.o)
    0x08006a9c   0x08006a9c   0x0000002c   Code   RO         2173    locale$$code        c_w.l(lc_ctype_c.o)
    0x08006ac8   0x08006ac8   0x00000018   Code   RO         2002    x$fpl$basic         fz_wm.l(basic.o)
    0x08006ae0   0x08006ae0   0x00000062   Code   RO         1862    x$fpl$d2f           fz_wm.l(d2f.o)
    0x08006b42   0x08006b42   0x00000002   PAD
    0x08006b44   0x08006b44   0x00000150   Code   RO         1864    x$fpl$dadd          fz_wm.l(daddsub_clz.o)
    0x08006c94   0x08006c94   0x000002b4   Code   RO         1873    x$fpl$ddiv          fz_wm.l(ddiv.o)
    0x08006f48   0x08006f48   0x0000005e   Code   RO         1876    x$fpl$dfix          fz_wm.l(dfix.o)
    0x08006fa6   0x08006fa6   0x0000002e   Code   RO         1881    x$fpl$dflt          fz_wm.l(dflt_clz.o)
    0x08006fd4   0x08006fd4   0x00000026   Code   RO         1880    x$fpl$dfltu         fz_wm.l(dflt_clz.o)
    0x08006ffa   0x08006ffa   0x00000002   PAD
    0x08006ffc   0x08006ffc   0x00000154   Code   RO         1886    x$fpl$dmul          fz_wm.l(dmul.o)
    0x08007150   0x08007150   0x0000009c   Code   RO         2010    x$fpl$dnaninf       fz_wm.l(dnaninf.o)
    0x080071ec   0x080071ec   0x0000000c   Code   RO         2012    x$fpl$dretinf       fz_wm.l(dretinf.o)
    0x080071f8   0x080071f8   0x00000016   Code   RO         1865    x$fpl$drsb          fz_wm.l(daddsub_clz.o)
    0x0800720e   0x0800720e   0x00000002   PAD
    0x08007210   0x08007210   0x000001dc   Code   RO         1866    x$fpl$dsub          fz_wm.l(daddsub_clz.o)
    0x080073ec   0x080073ec   0x00000056   Code   RO         1888    x$fpl$f2d           fz_wm.l(f2d.o)
    0x08007442   0x08007442   0x0000008c   Code   RO         2016    x$fpl$fnaninf       fz_wm.l(fnaninf.o)
    0x080074ce   0x080074ce   0x0000001a   Code   RO         2245    x$fpl$fpinit        fz_wm.l(fpinit.o)
    0x080074e8   0x080074e8   0x0000000a   Code   RO         2018    x$fpl$fretinf       fz_wm.l(fretinf.o)
    0x080074f2   0x080074f2   0x00000004   Code   RO         2020    x$fpl$printf1       fz_wm.l(printf1.o)
    0x080074f6   0x080074f6   0x00000004   Code   RO         2022    x$fpl$printf2       fz_wm.l(printf2.o)
    0x080074fa   0x080074fa   0x00000000   Code   RO         2028    x$fpl$usenofp       fz_wm.l(usenofp.o)
    0x080074fa   0x080074fa   0x00000002   PAD
    0x080074fc   0x080074fc   0x00000008   Data   RO         1928    .constdata          c_w.l(_printf_wctomb.o)
    0x08007504   0x08007504   0x00000028   Data   RO         1957    .constdata          c_w.l(_printf_hex_int_ll_ptr.o)
    0x0800752c   0x0800752c   0x00000011   Data   RO         1977    .constdata          c_w.l(__printf_flags_ss_wp.o)
    0x0800753d   0x0800753d   0x00000003   PAD
    0x08007540   0x08007540   0x00000030   Data   RO         2030    .constdata          m_wm.l(cos_i.o)
    0x08007570   0x08007570   0x000000cc   Data   RO         2048    .constdata          m_wm.l(rred.o)
    0x0800763c   0x0800763c   0x00000004   PAD
    0x08007640   0x08007640   0x00000028   Data   RO         2052    .constdata          m_wm.l(sin_i.o)
    0x08007668   0x08007668   0x00000026   Data   RO         2085    .constdata          c_w.l(_printf_fp_hex.o)
    0x0800768e   0x0800768e   0x00000002   PAD
    0x08007690   0x08007690   0x00000094   Data   RO         2123    .constdata          c_w.l(bigflt0.o)
    0x08007724   0x08007724   0x00000010   Data   RO         1723    .rodata.AHBPrescTable  system_stm32l4xx.o
    0x08007734   0x08007734   0x00000008   Data   RO         1724    .rodata.APBPrescTable  system_stm32l4xx.o
    0x0800773c   0x0800773c   0x00000030   Data   RO         1725    .rodata.MSIRangeTable  system_stm32l4xx.o
    0x0800776c   0x0800776c   0x00000010   Data   RO          408    .rodata.cst16       stm32l4xx_hal_adc.o
    0x0800777c   0x0800777c   0x00000020   Data   RO         1448    .rodata.cst16       stm32l4xx_hal_tim.o
    0x0800779c   0x0800779c   0x00000010   Data   RO         1679    .rodata.cst16       stm32l4xx_hal_uart.o
    0x080077ac   0x080077ac   0x00000020   Data   RO         2306    Region$$Table       anon$$obj.o
    0x080077cc   0x080077cc   0x0000001c   Data   RO         2149    locale$$data        c_w.l(lc_numeric_c.o)
    0x080077e8   0x080077e8   0x00000110   Data   RO         2172    locale$$data        c_w.l(lc_ctype_c.o)


    Execution Region RW_IRAM2 (Exec base: 0x10000000, Load base: 0x08007908, Size: 0x00000000, Max: 0x00004000, ABSOLUTE)

    **** No section assigned to this execution region ****


    Execution Region RW_IRAM1 (Exec base: 0x20000000, Load base: 0x080078f8, Size: 0x000013c0, Max: 0x0000c000, ABSOLUTE)

    Exec Addr    Load Addr    Size         Type   Attr      Idx    E Section Name        Object

    0x20000000   0x080078f8   0x00000008   Data   RW          540    .data..L_MergedGlobals  stm32l4xx_hal.o
    0x20000008   0x08007900   0x00000004   Data   RW         1722    .data.SystemCoreClock  system_stm32l4xx.o
    0x2000000c   0x08007904   0x00000004   Data   RW          217    .data.sin_frq       main.o
    0x20000010        -       0x00000060   Zero   RW         2109    .bss                c_w.l(libspace.o)
    0x20000070        -       0x0000000c   Zero   RW          184    .bss..L_MergedGlobals  spwm.o
    0x2000007c        -       0x00000014   Zero   RW          220    .bss..L_MergedGlobals  main.o
    0x20000090        -       0x00000054   Zero   RW          289    .bss..L_MergedGlobals  tim.o
    0x200000e4        -       0x00000004   Zero   RW          288    .bss.PWM_Duty       tim.o
    0x200000e8        -       0x00000960   Zero   RW          183    .bss.SinWave_Tab    spwm.o
    0x20000a48        -       0x00000190   Zero   RW          200    .bss.Usart1_Printf.UartTxBuf  my_usart.o
    0x20000bd8        -       0x00000064   Zero   RW          242    .bss.hadc1          adc.o
    0x20000c3c        -       0x00000064   Zero   RW          257    .bss.hspi2          spi.o
    0x20000ca0        -       0x0000004c   Zero   RW          284    .bss.htim1          tim.o
    0x20000cec        -       0x0000004c   Zero   RW          285    .bss.htim15         tim.o
    0x20000d38        -       0x00000084   Zero   RW          304    .bss.huart1         usart.o
    0x20000dbc        -       0x00000004   Zero   RW          539    .bss.uwTick         stm32l4xx_hal.o
    0x20000dc0        -       0x00000200   Zero   RW            2    HEAP                startup_stm32l431xx.o
    0x20000fc0        -       0x00000400   Zero   RW            1    STACK               startup_stm32l431xx.o


==============================================================================

Image component sizes


      Code (inc. data)   RO Data    RW Data    ZI Data      Debug   Object Name

       400          0          0          0        100       6624   adc.o
         2          0          0          0          0      13739   filter.o
       140          0          0          0          0       3706   gpio.o
       450         40          0          4         20       3557   main.o
        64          0          0          0        400       4467   my_usart.o
       184          0          0          0        100       5067   spi.o
       902         40          0          0       2412      10215   spwm.o
        64         26        396          0       1536        820   startup_stm32l431xx.o
       146          0          0          8          4       8517   stm32l4xx_hal.o
      1974          0         16          0          0      23145   stm32l4xx_hal_adc.o
       194          0          0          0          0      10223   stm32l4xx_hal_cortex.o
       164          0          0          0          0       7774   stm32l4xx_hal_dma.o
       502          0          0          0          0       5645   stm32l4xx_hal_gpio.o
        50          0          0          0          0       1566   stm32l4xx_hal_msp.o
       168          0          0          0          0       8647   stm32l4xx_hal_pwr_ex.o
      2912          0          0          0          0      11981   stm32l4xx_hal_rcc.o
      1046          0          0          0          0      13790   stm32l4xx_hal_rcc_ex.o
       220          0          0          0          0      28666   stm32l4xx_hal_spi.o
      3990         52         32          0          0      60393   stm32l4xx_hal_tim.o
       458          0          0          0          0      22810   stm32l4xx_hal_tim_ex.o
      1738         48         16          0          0      35592   stm32l4xx_hal_uart.o
        70          0          0          0          0       4603   stm32l4xx_it.o
        18          0         72          4          0       2949   system_stm32l4xx.o
      1188          8          0          0        240      10439   tim.o
       268          0          0          0        132       6257   usart.o

    ----------------------------------------------------------------------
     17420        214        564         16       4944     311192   Object Totals
         0          0         32          0          0          0   (incl. Generated)
       108          0          0          0          0          0   (incl. Padding)

    ----------------------------------------------------------------------

      Code (inc. data)   RO Data    RW Data    ZI Data      Debug   Library Member Name

         8          0          0          0          0         68   __main.o
       398          4         17          0          0         92   __printf_flags_ss_wp.o
        14          0          0          0          0         68   __printf_wp.o
         0          0          0          0          0          0   __rtentry.o
        12          0          0          0          0          0   __rtentry2.o
         6          0          0          0          0          0   __rtentry4.o
        52          8          0          0          0          0   __scatter.o
        26          0          0          0          0          0   __scatter_copy.o
        28          0          0          0          0          0   __scatter_zi.o
        72          0          0          0          0         96   _c16rtomb.o
         6          0          0          0          0          0   _printf_a.o
         6          0          0          0          0          0   _printf_c.o
        44          0          0          0          0        108   _printf_char.o
        48          6          0          0          0         96   _printf_char_common.o
        40          0          0          0          0         68   _printf_charcount.o
         6          0          0          0          0          0   _printf_d.o
       120         16          0          0          0         92   _printf_dec.o
         6          0          0          0          0          0   _printf_e.o
         6          0          0          0          0          0   _printf_f.o
      1058          0          0          0          0        148   _printf_fp_dec.o
       770          8         38          0          0        100   _printf_fp_hex.o
       128         16          0          0          0         84   _printf_fp_infnan.o
         6          0          0          0          0          0   _printf_g.o
       148          4         40          0          0        160   _printf_hex_int_ll_ptr.o
         6          0          0          0          0          0   _printf_i.o
       178          0          0          0          0         88   _printf_intcommon.o
        10          0          0          0          0          0   _printf_l.o
         6          0          0          0          0          0   _printf_lc.o
        10          0          0          0          0          0   _printf_ll.o
         6          0          0          0          0          0   _printf_lld.o
         6          0          0          0          0          0   _printf_lli.o
         6          0          0          0          0          0   _printf_llo.o
         6          0          0          0          0          0   _printf_llu.o
         6          0          0          0          0          0   _printf_llx.o
       124         16          0          0          0         92   _printf_longlong_dec.o
         6          0          0          0          0          0   _printf_ls.o
         6          0          0          0          0          0   _printf_n.o
         6          0          0          0          0          0   _printf_o.o
       112          8          0          0          0        124   _printf_oct_int_ll.o
         6          0          0          0          0          0   _printf_p.o
        78          0          0          0          0        108   _printf_pad.o
         0          0          0          0          0          0   _printf_percent.o
         4          0          0          0          0          0   _printf_percent_end.o
         6          0          0          0          0          0   _printf_s.o
        82          0          0          0          0         80   _printf_str.o
        36          0          0          0          0         84   _printf_truncate.o
         6          0          0          0          0          0   _printf_u.o
        44          0          0          0          0        108   _printf_wchar.o
       194          6          8          0          0         92   _printf_wctomb.o
         6          0          0          0          0          0   _printf_x.o
        22          0          0          0          0        100   _rserrno.o
        16          0          0          0          0         68   _snputc.o
        10          0          0          0          0         68   _sputc.o
       228          4        148          0          0         96   bigflt0.o
      1936        128          0          0          0        668   btod.o
        18          0          0          0          0         80   exit.o
         6          0          0          0          0        152   heapauxi.o
         0          0          0          0          0          0   indicate_semi.o
        44         10        272          0          0         76   lc_ctype_c.o
        44         10         28          0          0         76   lc_numeric_c.o
         2          0          0          0          0          0   libinit.o
        34          0          0          0          0          0   libinit2.o
         2          0          0          0          0          0   libshutdown.o
         2          0          0          0          0          0   libshutdown2.o
         8          4          0          0         96         68   libspace.o
       138          0          0          0          0         80   lludiv10.o
       240          0          0          0          0        100   lludivv7m.o
        16          4          0          0          0         76   rt_ctype_table.o
         8          4          0          0          0         68   rt_errno_addr_intlibspace.o
         8          4          0          0          0         68   rt_locale_intlibspace.o
        78          0          0          0          0         80   rt_memclr_w.o
         2          0          0          0          0          0   rtexit.o
        10          0          0          0          0          0   rtexit2.o
       124          0          0          0          0         88   strcmpv7em.o
        12          4          0          0          0         68   sys_exit.o
        74          0          0          0          0         80   sys_stackheap_outer.o
         2          0          0          0          0         68   use_no_semi.o
        52          4          0          0          0         80   vsnprintf.o
        24          0          0          0          0        164   basic.o
        98          4          0          0          0        140   d2f.o
       834         16          0          0          0        516   daddsub_clz.o
       692        140          0          0          0        264   ddiv.o
        94          4          0          0          0        140   dfix.o
        84          0          0          0          0        232   dflt_clz.o
       340         12          0          0          0        152   dmul.o
       156          4          0          0          0        140   dnaninf.o
        12          0          0          0          0        116   dretinf.o
        86          4          0          0          0        132   f2d.o
       140          4          0          0          0        132   fnaninf.o
        26          0          0          0          0        116   fpinit.o
        10          0          0          0          0        116   fretinf.o
         4          0          0          0          0        116   printf1.o
         4          0          0          0          0        116   printf2.o
         0          0          0          0          0          0   usenofp.o
       368         46         48          0          0        200   cos_i.o
        84         16          0          0          0        372   dunder.o
        24          0          0          0          0        124   fabs.o
        48          0          0          0          0        124   fpclassify.o
       248          0          0          0          0        152   poly.o
      1086        142        204          0          0        188   rred.o
       200         20          0          0          0        164   sin.o
       328         24         40          0          0        208   sin_i.o

    ----------------------------------------------------------------------
     12132        704        852          0         96       8388   Library Totals
        42          0          9          0          0          0   (incl. Padding)

    ----------------------------------------------------------------------

      Code (inc. data)   RO Data    RW Data    ZI Data      Debug   Library Name

      7100        268        551          0         96       4264   c_w.l
      2604        188          0          0          0       2592   fz_wm.l
      2386        248        292          0          0       1532   m_wm.l

    ----------------------------------------------------------------------
     12132        704        852          0         96       8388   Library Totals

    ----------------------------------------------------------------------

==============================================================================


      Code (inc. data)   RO Data    RW Data    ZI Data      Debug   

     29552        918       1416         16       5040     314232   Grand Totals
     29552        918       1416         16       5040     314232   ELF Image Totals
     29552        918       1416         16          0          0   ROM Totals

==============================================================================

    Total RO  Size (Code + RO Data)                30968 (  30.24kB)
    Total RW  Size (RW Data + ZI Data)              5056 (   4.94kB)
    Total ROM Size (Code + RO Data + RW Data)      30984 (  30.26kB)

==============================================================================

