<html>
<body>
<pre>
<h1>킮ision Build Log</h1>
<h2>Tool Versions:</h2>
IDE-Version: ┢Vision V5.36.0.0
Copyright (C) 2021 ARM Ltd and ARM Germany GmbH. All rights reserved.
License Information: 며며 며며, 며며, LIC=7YK1S-LHCAB-681FC-7HRPH-QG69M-FS79X
 
Tool Versions:
Toolchain:       MDK-ARM Professional  Version: 5.36.0.0
Toolchain Path:  D:\keil\MDK5\Keil_V5\ARM\ARMCLANG\Bin
C Compiler:      ArmClang.exe V6.16
Assembler:       Armasm.exe V6.16
Linker/Locator:  ArmLink.exe V6.16
Library Manager: ArmAr.exe V6.16
Hex Converter:   FromElf.exe V6.16
CPU DLL:         SARMCM3.DLL V5.36.0.0
Dialog DLL:      DCM.DLL V1.17.3.0
Target DLL:      STLink\ST-LINKIII-KEIL_SWO.dll V3.0.9.0
Dialog DLL:      TCM.DLL V1.53.0.0
 
<h2>Project:</h2>
d:\keil\CubePreserve\L431_Phase\MDK-ARM\L431_Phase.uvprojx
Project File Date:  07/20/2022

<h2>Output:</h2>
*** Using Compiler 'V6.16', folder: 'D:\keil\MDK5\Keil_V5\ARM\ARMCLANG\Bin'
Build target 'L431_Phase'
compiling main.c...
compiling key.c...
compiling PID.c...
compiling My_Usart.C...
compiling delay.c...
compiling SPWM.c...
compiling GUI.c...
compiling gpio.c...
compiling spi.c...
compiling stm32l4xx_it.c...
compiling adc.c...
compiling usart.c...
compiling tim.c...
compiling Lcd_Driver.c...
compiling stm32l4xx_hal_msp.c...
linking...
Program Size: Code=29552 RO-data=1416 RW-data=16 ZI-data=5040  
FromELF: creating hex file...
"L431_Phase\L431_Phase.axf" - 0 Error(s), 0 Warning(s).

<h2>Software Packages used:</h2>

Package Vendor: ARM
                http://www.keil.com/pack/ARM.CMSIS.5.8.0.pack
                ARM.CMSIS.5.8.0
                CMSIS (Common Microcontroller Software Interface Standard)
   * Component: CORE Version: 5.5.0

Package Vendor: Keil
                http://www.keil.com/pack/Keil.STM32L4xx_DFP.2.6.1.pack
                Keil.STM32L4xx_DFP.2.6.1
                STMicroelectronics STM32L4 Series Device Support, Drivers and Examples

<h2>Collection of Component include folders:</h2>
  .\RTE\_L431_Phase
  D:\keil\MDK5\Keil_V5\ARM\PACK\ARM\CMSIS\5.8.0\CMSIS\Core\Include
  D:\keil\MDK5\Keil_V5\ARM\PACK\Keil\STM32L4xx_DFP\2.6.1\Drivers\CMSIS\Device\ST\STM32L4xx\Include

<h2>Collection of Component Files used:</h2>

   * Component: ARM::CMSIS:CORE:5.5.0
      Include file:  CMSIS\Core\Include\tz_context.h
Build Time Elapsed:  00:00:05
</pre>
</body>
</html>
